May 15 20:02:39 client lvm[381]:   1 logical volume(s) in volume group "ubuntu-vg" monitored
May 15 20:02:39 client systemd[1]: Starting Flush Journal to Persistent Storage...
May 15 20:02:39 client systemd[1]: modprobe@efi_pstore.service: Deactivated successfully.
May 15 20:02:39 client systemd[1]: Finished Load Kernel Module efi_pstore.
May 15 20:02:39 client systemd[1]: modprobe@chromeos_pstore.service: Deactivated successfully.
May 15 20:02:39 client systemd[1]: Finished Load Kernel Module chromeos_pstore.
May 15 20:02:39 client systemd[1]: modprobe@pstore_blk.service: Deactivated successfully.
May 15 20:02:39 client systemd[1]: Finished Load Kernel Module pstore_blk.
May 15 20:02:39 client systemd[1]: modprobe@ramoops.service: Deactivated successfully.
May 15 20:02:39 client systemd[1]: Finished Load Kernel Module ramoops.
May 15 20:02:39 client systemd[1]: Condition check resulted in Platform Persistent Storage Archival being skipped.
May 15 20:02:39 client systemd-modules-load[391]: Inserted module 'msr'
May 15 20:02:39 client systemd[1]: Activated swap /swap.img.
May 15 20:02:39 client systemd[1]: Reached target Swaps.
May 15 20:02:39 client systemd[1]: Finished Set the console keyboard layout.
May 15 20:02:39 client systemd[1]: Finished Load/Save Random Seed.
May 15 20:02:39 client systemd[1]: Condition check resulted in First Boot Complete being skipped.
May 15 20:02:39 client systemd[1]: Finished Flush Journal to Persistent Storage.
May 15 20:02:39 client systemd-modules-load[391]: Inserted module 'ipmi_devintf'
May 15 20:02:39 client systemd[1]: Finished Create System Users.
May 15 20:02:39 client systemd[1]: Starting Create Static Device Nodes in /dev...
May 15 20:02:39 client systemd[1]: Finished Load Kernel Modules.
May 15 20:02:39 client systemd[1]: Starting Apply Kernel Variables...
May 15 20:02:39 client systemd[1]: Finished Apply Kernel Variables.
May 15 20:02:39 client systemd[1]: Finished Create Static Device Nodes in /dev.
May 15 20:02:39 client systemd[1]: Starting Rule-based Manager for Device Events and Files...
May 15 20:02:39 client multipathd[418]: --------start up--------
May 15 20:02:39 client multipathd[418]: read /etc/multipath.conf
May 15 20:02:39 client multipathd[418]: path checkers start up
May 15 20:02:39 client systemd[1]: Started Device-Mapper Multipath Device Controller.
May 15 20:02:39 client systemd[1]: Reached target Preparation for Local File Systems.
May 15 20:02:39 client systemd[1]: Mounting Mount unit for core20, revision 1587...
May 15 20:02:39 client systemd[1]: Mounting Mount unit for lxd, revision 22923...
May 15 20:02:39 client systemd[1]: Mounting Mount unit for snapd, revision 16292...
May 15 20:02:39 client systemd[1]: Mounted Mount unit for core20, revision 1587.
May 15 20:02:39 client systemd[1]: Mounted Mount unit for lxd, revision 22923.
May 15 20:02:39 client systemd[1]: Mounted Mount unit for snapd, revision 16292.
May 15 20:02:39 client systemd[1]: Started Rule-based Manager for Device Events and Files.
May 15 20:02:39 client systemd[1]: Condition check resulted in Show Plymouth Boot Screen being skipped.
May 15 20:02:39 client systemd[1]: Started Dispatch Password Requests to Console Directory Watch.
May 15 20:02:39 client systemd[1]: Condition check resulted in Forward Password Requests to Plymouth Directory Watch being skipped.
May 15 20:02:39 client systemd[1]: Reached target Local Encrypted Volumes.
May 15 20:02:39 client systemd-udevd[448]: Using default interface naming scheme 'v249'.
May 15 20:02:39 client systemd-udevd[440]: Using default interface naming scheme 'v249'.
May 15 20:02:39 client systemd-udevd[441]: Using default interface naming scheme 'v249'.
May 15 20:02:39 client systemd[1]: Listening on Load/Save RF Kill Switch Status /dev/rfkill Watch.
May 15 20:02:39 client systemd-udevd[450]: sda: Process '/usr/bin/unshare -m /usr/bin/snap auto-import --mount=/dev/sda' failed with exit code 1.
May 15 20:02:39 client systemd-udevd[438]: sr0: Process '/usr/bin/unshare -m /usr/bin/snap auto-import --mount=/dev/sr0' failed with exit code 1.
May 15 20:02:39 client systemd-udevd[450]: sda3: Process '/usr/bin/unshare -m /usr/bin/snap auto-import --mount=/dev/sda3' failed with exit code 1.
May 15 20:02:39 client systemd[1]: Created slice Slice /system/lvm2-pvscan.
May 15 20:02:39 client systemd[1]: Starting LVM event activation on device 8:3...
May 15 20:02:39 client systemd-udevd[437]: dm-0: Process '/usr/bin/unshare -m /usr/bin/snap auto-import --mount=/dev/dm-0' failed with exit code 1.
May 15 20:02:39 client lvm[564]:   pvscan[564] PV /dev/sda3 online, VG ubuntu-vg is complete.
May 15 20:02:39 client lvm[564]:   pvscan[564] VG ubuntu-vg skip autoactivation.
May 15 20:02:39 client systemd-udevd[440]: sda1: Process '/usr/bin/unshare -m /usr/bin/snap auto-import --mount=/dev/sda1' failed with exit code 1.
May 15 20:02:39 client systemd-udevd[438]: sda2: Process '/usr/bin/unshare -m /usr/bin/snap auto-import --mount=/dev/sda2' failed with exit code 1.
May 15 20:02:39 client systemd[1]: Found device VBOX_HARDDISK 2.
May 15 20:02:39 client systemd[1]: Starting File System Check on /dev/disk/by-uuid/320d8132-d369-4317-ae6e-ea1ef3cc575f...
May 15 20:02:39 client systemd[1]: Finished LVM event activation on device 8:3.
May 15 20:02:39 client systemd[1]: Started File System Check Daemon to report status.
May 15 20:02:39 client systemd[1]: Reached target Sound Card.
May 15 20:02:39 client systemd-fsck[577]: /dev/sda2: clean, 316/131072 files, 59326/524288 blocks
May 15 20:02:39 client systemd[1]: Finished File System Check on /dev/disk/by-uuid/320d8132-d369-4317-ae6e-ea1ef3cc575f.
May 15 20:02:39 client systemd[1]: Mounting /boot...
May 15 20:02:39 client systemd[1]: Mounted /boot.
May 15 20:02:39 client systemd[1]: Reached target Local File Systems.
May 15 20:02:39 client systemd[1]: Starting Load AppArmor profiles...
May 15 20:02:39 client systemd[1]: Starting Set console font and keymap...
May 15 20:02:39 client systemd[1]: Starting Create final runtime dir for shutdown pivot root...
May 15 20:02:39 client systemd[1]: Starting Tell Plymouth To Write Out Runtime Data...
May 15 20:02:39 client systemd[1]: Condition check resulted in Set Up Additional Binary Formats being skipped.
May 15 20:02:39 client systemd[1]: Condition check resulted in Store a System Token in an EFI Variable being skipped.
May 15 20:02:39 client systemd[1]: Condition check resulted in Commit a transient machine-id on disk being skipped.
May 15 20:02:39 client systemd[1]: Starting Create Volatile Files and Directories...
May 15 20:02:39 client systemd[1]: Starting Uncomplicated firewall...
May 15 20:02:39 client systemd[1]: Finished Set console font and keymap.
May 15 20:02:39 client systemd[1]: Finished Create final runtime dir for shutdown pivot root.
May 15 20:02:39 client apparmor.systemd[583]: Restarting AppArmor
May 15 20:02:39 client apparmor.systemd[583]: Reloading AppArmor profiles
May 15 20:02:39 client systemd[1]: Finished Tell Plymouth To Write Out Runtime Data.
May 15 20:02:39 client systemd[1]: Finished Uncomplicated firewall.
May 15 20:02:39 client systemd[1]: Finished Create Volatile Files and Directories.
May 15 20:02:39 client systemd[1]: Starting Network Time Synchronization...
May 15 20:02:39 client systemd[1]: Starting Record System Boot/Shutdown in UTMP...
May 15 20:02:39 client systemd[1]: Finished Record System Boot/Shutdown in UTMP.
May 15 20:02:39 client systemd[1]: Started Network Time Synchronization.
May 15 20:02:39 client systemd[1]: Reached target System Time Set.
May 15 20:02:39 client apparmor.systemd[605]: Skipping profile in /etc/apparmor.d/disable: usr.sbin.rsyslogd
May 15 20:02:39 client systemd[1]: Finished Load AppArmor profiles.
May 15 20:02:39 client systemd[1]: Starting Load AppArmor profiles managed internally by snapd...
May 15 20:02:39 client systemd[1]: Condition check resulted in Authentication service for virtual machines hosted on VMware being skipped.
May 15 20:02:39 client systemd[1]: Condition check resulted in Service for virtual machines hosted on VMware being skipped.
May 15 20:02:39 client systemd[1]: Starting Initial cloud-init job (pre-networking)...
May 15 20:02:39 client systemd[1]: proc-sys-fs-binfmt_misc.automount: Got automount request for /proc/sys/fs/binfmt_misc, triggered by 606 (snapd-apparmor)
May 15 20:02:39 client systemd[1]: Mounting Arbitrary Executable File Formats File System...
May 15 20:02:39 client systemd[1]: Mounted Arbitrary Executable File Formats File System.
May 15 20:02:39 client cloud-init[626]: Cloud-init v. 23.1.2-0ubuntu0~22.04.1 running 'init-local' at Mon, 15 May 2023 20:02:30 +0000. Up 17.89 seconds.
May 15 20:02:39 client systemd[1]: Finished Initial cloud-init job (pre-networking).
May 15 20:02:39 client systemd[1]: Reached target Preparation for Network.
May 15 20:02:39 client systemd[1]: Starting Network Configuration...
May 15 20:02:39 client systemd-networkd[627]: lo: Link UP
May 15 20:02:39 client systemd-networkd[627]: lo: Gained carrier
May 15 20:02:39 client systemd-networkd[627]: Enumeration completed
May 15 20:02:39 client systemd[1]: Started Network Configuration.
May 15 20:02:39 client systemd[1]: Starting Wait for Network to be Configured...
May 15 20:02:39 client systemd[1]: Starting Network Name Resolution...
May 15 20:02:39 client systemd-networkd[627]: enp0s9: Link UP
May 15 20:02:39 client systemd-networkd[627]: enp0s8: Link UP
May 15 20:02:39 client systemd-networkd[627]: enp0s3: Link UP
May 15 20:02:39 client systemd-networkd[627]: enp0s9: Gained carrier
May 15 20:02:39 client systemd-networkd[627]: enp0s8: Gained carrier
May 15 20:02:39 client systemd-networkd[627]: enp0s3: Gained carrier
May 15 20:02:39 client systemd-networkd[627]: enp0s3: DHCPv4 address 10.0.2.15/24 via 10.0.2.2
May 15 20:02:39 client systemd-timesyncd[596]: Network configuration changed, trying to establish connection.
May 15 20:02:39 client systemd-resolved[631]: Positive Trust Anchors:
May 15 20:02:39 client systemd-resolved[631]: . IN DS 20326 8 2 e06d44b80b8f1d39a95c0b0d7c65d08458e880409bbc683457104237c7f8ec8d
May 15 20:02:39 client systemd-resolved[631]: Negative trust anchors: home.arpa 10.in-addr.arpa 16.172.in-addr.arpa 17.172.in-addr.arpa 18.172.in-addr.arpa 19.172.in-addr.arpa 20.172.in-addr.arpa 21.172.in-addr.arpa 22.172.in-addr.arpa 23.172.in-addr.arpa 24.172.in-addr.arpa 25.172.in-addr.arpa 26.172.in-addr.arpa 27.172.in-addr.arpa 28.172.in-addr.arpa 29.172.in-addr.arpa 30.172.in-addr.arpa 31.172.in-addr.arpa 168.192.in-addr.arpa d.f.ip6.arpa corp home internal intranet lan local private test
May 15 20:02:39 client systemd-resolved[631]: Using system hostname 'client'.
May 15 20:02:39 client systemd[1]: Started Network Name Resolution.
May 15 20:02:39 client systemd[1]: Reached target Network.
May 15 20:02:39 client systemd[1]: Reached target Host and Network Name Lookups.
May 15 20:02:39 client systemd-networkd[627]: enp0s8: DHCPv4 address 192.168.56.109/24
May 15 20:02:39 client systemd-timesyncd[596]: Network configuration changed, trying to establish connection.
May 15 20:02:39 client systemd-networkd[627]: enp0s9: Gained IPv6LL
May 15 20:02:39 client systemd-timesyncd[596]: Network configuration changed, trying to establish connection.
May 15 20:02:39 client systemd-networkd[627]: enp0s8: Gained IPv6LL
May 15 20:02:39 client systemd-timesyncd[596]: Network configuration changed, trying to establish connection.
May 15 20:02:39 client systemd-networkd[627]: enp0s3: Gained IPv6LL
May 15 20:02:39 client systemd-timesyncd[596]: Network configuration changed, trying to establish connection.
May 15 20:02:39 client systemd-networkd-wait-online[630]: managing: enp0s3
May 15 20:02:39 client systemd[1]: Finished Load AppArmor profiles managed internally by snapd.
May 15 20:02:39 client systemd-networkd[627]: enp0s9: DHCPv4 address 192.168.254.172/24 via 192.168.254.254
May 15 20:02:39 client systemd-timesyncd[596]: Network configuration changed, trying to establish connection.
May 15 20:02:39 client systemd-timesyncd[596]: Network configuration changed, trying to establish connection.
May 15 20:02:39 client systemd-networkd-wait-online[630]: managing: enp0s3
May 15 20:02:39 client systemd-networkd-wait-online[630]: managing: enp0s9
May 15 20:02:39 client systemd-networkd-wait-online[630]: managing: enp0s8
May 15 20:02:39 client systemd[1]: Finished Wait for Network to be Configured.
May 15 20:02:39 client systemd[1]: Starting Initial cloud-init job (metadata service crawler)...
May 15 20:02:39 client cloud-init[643]: Cloud-init v. 23.1.2-0ubuntu0~22.04.1 running 'init' at Mon, 15 May 2023 20:02:33 +0000. Up 21.06 seconds.
May 15 20:02:39 client cloud-init[643]: ci-info: ++++++++++++++++++++++++++++++++++++++Net device info+++++++++++++++++++++++++++++++++++++++
May 15 20:02:39 client cloud-init[643]: ci-info: +--------+------+-----------------------------+---------------+--------+-------------------+
May 15 20:02:39 client cloud-init[643]: ci-info: | Device |  Up  |           Address           |      Mask     | Scope  |     Hw-Address    |
May 15 20:02:39 client cloud-init[643]: ci-info: +--------+------+-----------------------------+---------------+--------+-------------------+
May 15 20:02:39 client cloud-init[643]: ci-info: | enp0s3 | True |          10.0.2.15          | 255.255.255.0 | global | 08:00:27:00:ad:46 |
May 15 20:02:39 client kernel: [    0.000000] Linux version 5.15.0-72-generic (buildd@lcy02-amd64-035) (gcc (Ubuntu 11.3.0-1ubuntu1~22.04.1) 11.3.0, GNU ld (GNU Binutils for Ubuntu) 2.38) #79-Ubuntu SMP Wed Apr 19 08:22:18 UTC 2023 (Ubuntu 5.15.0-72.79-generic 5.15.98)
May 15 20:02:39 client kernel: [    0.000000] Command line: BOOT_IMAGE=/vmlinuz-5.15.0-72-generic root=/dev/mapper/ubuntu--vg-ubuntu--lv ro
May 15 20:02:39 client kernel: [    0.000000] KERNEL supported cpus:
May 15 20:02:39 client kernel: [    0.000000]   Intel GenuineIntel
May 15 20:02:39 client kernel: [    0.000000]   AMD AuthenticAMD
May 15 20:02:39 client kernel: [    0.000000]   Hygon HygonGenuine
May 15 20:02:39 client kernel: [    0.000000]   Centaur CentaurHauls
May 15 20:02:39 client kernel: [    0.000000]   zhaoxin   Shanghai  
May 15 20:02:39 client kernel: [    0.000000] x86/fpu: Supporting XSAVE feature 0x001: 'x87 floating point registers'
May 15 20:02:39 client kernel: [    0.000000] x86/fpu: Supporting XSAVE feature 0x002: 'SSE registers'
May 15 20:02:39 client kernel: [    0.000000] x86/fpu: Supporting XSAVE feature 0x004: 'AVX registers'
May 15 20:02:39 client kernel: [    0.000000] x86/fpu: xstate_offset[2]:  576, xstate_sizes[2]:  256
May 15 20:02:39 client kernel: [    0.000000] x86/fpu: Enabled xstate features 0x7, context size is 832 bytes, using 'standard' format.
May 15 20:02:39 client kernel: [    0.000000] signal: max sigframe size: 1776
May 15 20:02:39 client kernel: [    0.000000] BIOS-provided physical RAM map:
May 15 20:02:39 client kernel: [    0.000000] BIOS-e820: [mem 0x0000000000000000-0x000000000009fbff] usable
May 15 20:02:39 client kernel: [    0.000000] BIOS-e820: [mem 0x000000000009fc00-0x000000000009ffff] reserved
May 15 20:02:39 client kernel: [    0.000000] BIOS-e820: [mem 0x00000000000f0000-0x00000000000fffff] reserved
May 15 20:02:39 client kernel: [    0.000000] BIOS-e820: [mem 0x0000000000100000-0x000000007ffeffff] usable
May 15 20:02:39 client kernel: [    0.000000] BIOS-e820: [mem 0x000000007fff0000-0x000000007fffffff] ACPI data
May 15 20:02:39 client kernel: [    0.000000] BIOS-e820: [mem 0x00000000fec00000-0x00000000fec00fff] reserved
May 15 20:02:39 client kernel: [    0.000000] BIOS-e820: [mem 0x00000000fee00000-0x00000000fee00fff] reserved
May 15 20:02:39 client kernel: [    0.000000] BIOS-e820: [mem 0x00000000fffc0000-0x00000000ffffffff] reserved
May 15 20:02:39 client kernel: [    0.000000] NX (Execute Disable) protection: active
May 15 20:02:39 client kernel: [    0.000000] SMBIOS 2.5 present.
May 15 20:02:39 client kernel: [    0.000000] DMI: innotek GmbH VirtualBox/VirtualBox, BIOS VirtualBox 12/01/2006
May 15 20:02:39 client cloud-init[643]: ci-info: | enp0s3 | True | fe80::a00:27ff:fe00:ad46/64 |       .       |  link  | 08:00:27:00:ad:46 |
May 15 20:02:39 client kernel: [    0.000000] Hypervisor detected: KVM
May 15 20:02:39 client kernel: [    0.000000] kvm-clock: Using msrs 4b564d01 and 4b564d00
May 15 20:02:39 client kernel: [    0.000000] kvm-clock: cpu 0, msr 7a001001, primary cpu clock
May 15 20:02:39 client kernel: [    0.000004] kvm-clock: using sched offset of 6145112701 cycles
May 15 20:02:39 client kernel: [    0.000007] clocksource: kvm-clock: mask: 0xffffffffffffffff max_cycles: 0x1cd42e4dffb, max_idle_ns: 881590591483 ns
May 15 20:02:39 client kernel: [    0.000013] tsc: Detected 1995.379 MHz processor
May 15 20:02:39 client cloud-init[643]: ci-info: | enp0s8 | True |        192.168.56.109       | 255.255.255.0 | global | 08:00:27:f9:d9:f3 |
May 15 20:02:39 client cloud-init[643]: ci-info: | enp0s8 | True | fe80::a00:27ff:fef9:d9f3/64 |       .       |  link  | 08:00:27:f9:d9:f3 |
May 15 20:02:39 client cloud-init[643]: ci-info: | enp0s9 | True |       192.168.254.172       | 255.255.255.0 | global | 08:00:27:b0:58:33 |
May 15 20:02:39 client cloud-init[643]: ci-info: | enp0s9 | True | fe80::a00:27ff:feb0:5833/64 |       .       |  link  | 08:00:27:b0:58:33 |
May 15 20:02:39 client cloud-init[643]: ci-info: |   lo   | True |          127.0.0.1          |   255.0.0.0   |  host  |         .         |
May 15 20:02:39 client cloud-init[643]: ci-info: |   lo   | True |           ::1/128           |       .       |  host  |         .         |
May 15 20:02:39 client cloud-init[643]: ci-info: +--------+------+-----------------------------+---------------+--------+-------------------+
May 15 20:02:39 client cloud-init[643]: ci-info: ++++++++++++++++++++++++++++++++++Route IPv4 info++++++++++++++++++++++++++++++++++
May 15 20:02:39 client cloud-init[643]: ci-info: +-------+-----------------+-----------------+-----------------+-----------+-------+
May 15 20:02:39 client cloud-init[643]: ci-info: | Route |   Destination   |     Gateway     |     Genmask     | Interface | Flags |
May 15 20:02:39 client cloud-init[643]: ci-info: +-------+-----------------+-----------------+-----------------+-----------+-------+
May 15 20:02:39 client cloud-init[643]: ci-info: |   0   |     0.0.0.0     |     10.0.2.2    |     0.0.0.0     |   enp0s3  |   UG  |
May 15 20:02:39 client cloud-init[643]: ci-info: |   1   |     0.0.0.0     | 192.168.254.254 |     0.0.0.0     |   enp0s9  |   UG  |
May 15 20:02:39 client cloud-init[643]: ci-info: |   2   |     10.0.2.0    |     0.0.0.0     |  255.255.255.0  |   enp0s3  |   U   |
May 15 20:02:39 client cloud-init[643]: ci-info: |   3   |     10.0.2.2    |     0.0.0.0     | 255.255.255.255 |   enp0s3  |   UH  |
May 15 20:02:39 client cloud-init[643]: ci-info: |   4   |   192.168.56.0  |     0.0.0.0     |  255.255.255.0  |   enp0s8  |   U   |
May 15 20:02:39 client cloud-init[643]: ci-info: |   5   |  192.168.254.0  |     0.0.0.0     |  255.255.255.0  |   enp0s9  |   U   |
May 15 20:02:39 client cloud-init[643]: ci-info: |   6   | 192.168.254.254 |     10.0.2.2    | 255.255.255.255 |   enp0s3  |  UGH  |
May 15 20:02:39 client cloud-init[643]: ci-info: |   7   | 192.168.254.254 |     0.0.0.0     | 255.255.255.255 |   enp0s9  |   UH  |
May 15 20:02:39 client cloud-init[643]: ci-info: +-------+-----------------+-----------------+-----------------+-----------+-------+
May 15 20:02:39 client cloud-init[643]: ci-info: +++++++++++++++++++Route IPv6 info+++++++++++++++++++
May 15 20:02:39 client cloud-init[643]: ci-info: +-------+-------------+---------+-----------+-------+
May 15 20:02:39 client cloud-init[643]: ci-info: | Route | Destination | Gateway | Interface | Flags |
May 15 20:02:39 client cloud-init[643]: ci-info: +-------+-------------+---------+-----------+-------+
May 15 20:02:39 client cloud-init[643]: ci-info: |   1   |  fe80::/64  |    ::   |   enp0s9  |   U   |
May 15 20:02:39 client cloud-init[643]: ci-info: |   2   |  fe80::/64  |    ::   |   enp0s8  |   U   |
May 15 20:02:39 client cloud-init[643]: ci-info: |   3   |  fe80::/64  |    ::   |   enp0s3  |   U   |
May 15 20:02:39 client cloud-init[643]: ci-info: |   5   |    local    |    ::   |   enp0s3  |   U   |
May 15 20:02:39 client cloud-init[643]: ci-info: |   6   |    local    |    ::   |   enp0s9  |   U   |
May 15 20:02:39 client cloud-init[643]: ci-info: |   7   |    local    |    ::   |   enp0s8  |   U   |
May 15 20:02:39 client cloud-init[643]: ci-info: |   8   |  multicast  |    ::   |   enp0s9  |   U   |
May 15 20:02:39 client cloud-init[643]: ci-info: |   9   |  multicast  |    ::   |   enp0s8  |   U   |
May 15 20:02:39 client cloud-init[643]: ci-info: |   10  |  multicast  |    ::   |   enp0s3  |   U   |
May 15 20:02:39 client cloud-init[643]: ci-info: +-------+-------------+---------+-----------+-------+
May 15 20:02:39 client cloud-init[643]: Generating public/private rsa key pair.
May 15 20:02:39 client cloud-init[643]: Your identification has been saved in /etc/ssh/ssh_host_rsa_key
May 15 20:02:39 client cloud-init[643]: Your public key has been saved in /etc/ssh/ssh_host_rsa_key.pub
May 15 20:02:39 client cloud-init[643]: The key fingerprint is:
May 15 20:02:39 client cloud-init[643]: SHA256:c04W/Ztbr+X9Dnw9m0cgRd2a0YEvNJlvfrdUn1oN2+g root@client
May 15 20:02:39 client cloud-init[643]: The key's randomart image is:
May 15 20:02:39 client cloud-init[643]: +---[RSA 3072]----+
May 15 20:02:39 client cloud-init[643]: |             .=+o|
May 15 20:02:39 client cloud-init[643]: |           . *o +|
May 15 20:02:39 client cloud-init[643]: |          . o.++ |
May 15 20:02:39 client cloud-init[643]: |           ..o=+.|
May 15 20:02:39 client cloud-init[643]: |        S +  .=*=|
May 15 20:02:39 client cloud-init[643]: |         *   .oBO|
May 15 20:02:39 client cloud-init[643]: |          .  .OoO|
May 15 20:02:39 client cloud-init[643]: |             .EOB|
May 15 20:02:39 client cloud-init[643]: |              o=O|
May 15 20:02:39 client cloud-init[643]: +----[SHA256]-----+
May 15 20:02:39 client cloud-init[643]: Generating public/private dsa key pair.
May 15 20:02:39 client cloud-init[643]: Your identification has been saved in /etc/ssh/ssh_host_dsa_key
May 15 20:02:39 client cloud-init[643]: Your public key has been saved in /etc/ssh/ssh_host_dsa_key.pub
May 15 20:02:39 client cloud-init[643]: The key fingerprint is:
May 15 20:02:39 client kernel: [    0.001035] e820: update [mem 0x00000000-0x00000fff] usable ==> reserved
May 15 20:02:39 client kernel: [    0.001041] e820: remove [mem 0x000a0000-0x000fffff] usable
May 15 20:02:39 client kernel: [    0.001050] last_pfn = 0x7fff0 max_arch_pfn = 0x400000000
May 15 20:02:39 client kernel: [    0.001068] Disabled
May 15 20:02:39 client kernel: [    0.001070] x86/PAT: MTRRs disabled, skipping PAT initialization too.
May 15 20:02:39 client kernel: [    0.001073] CPU MTRRs all blank - virtualized system.
May 15 20:02:39 client kernel: [    0.001078] x86/PAT: Configuration [0-7]: WB  WT  UC- UC  WB  WT  UC- UC  
May 15 20:02:39 client kernel: [    0.001193] found SMP MP-table at [mem 0x0009fff0-0x0009ffff]
May 15 20:02:39 client kernel: [    0.001547] RAMDISK: [mem 0x2ad69000-0x316abfff]
May 15 20:02:39 client kernel: [    0.001559] ACPI: Early table checksum verification disabled
May 15 20:02:39 client kernel: [    0.001565] ACPI: RSDP 0x00000000000E0000 000024 (v02 VBOX  )
May 15 20:02:39 client kernel: [    0.001573] ACPI: XSDT 0x000000007FFF0030 00003C (v01 VBOX   VBOXXSDT 00000001 ASL  00000061)
May 15 20:02:39 client kernel: [    0.001584] ACPI: FACP 0x000000007FFF00F0 0000F4 (v04 VBOX   VBOXFACP 00000001 ASL  00000061)
May 15 20:02:39 client kernel: [    0.001595] ACPI: DSDT 0x000000007FFF0610 002353 (v02 VBOX   VBOXBIOS 00000002 INTL 20221020)
May 15 20:02:39 client cloud-init[643]: SHA256:/vzz1FOMXMxZ1sXOYHdR69DeagvPXsONsX5yaqUTm1Q root@client
May 15 20:02:39 client cloud-init[643]: The key's randomart image is:
May 15 20:02:39 client cloud-init[643]: +---[DSA 1024]----+
May 15 20:02:39 client cloud-init[643]: |               oX|
May 15 20:02:39 client cloud-init[643]: |              ++O|
May 15 20:02:39 client cloud-init[643]: |             o O=|
May 15 20:02:39 client cloud-init[643]: |             .++E|
May 15 20:02:39 client cloud-init[643]: |        S     +++|
May 15 20:02:39 client cloud-init[643]: |       .      +*+|
May 15 20:02:39 client cloud-init[643]: |        .   ..*X+|
May 15 20:02:39 client cloud-init[643]: |         o  .BBo=|
May 15 20:02:39 client cloud-init[643]: |          o..=O* |
May 15 20:02:39 client cloud-init[643]: +----[SHA256]-----+
May 15 20:02:39 client cloud-init[643]: Generating public/private ecdsa key pair.
May 15 20:02:39 client cloud-init[643]: Your identification has been saved in /etc/ssh/ssh_host_ecdsa_key
May 15 20:02:39 client kernel: [    0.001602] ACPI: FACS 0x000000007FFF0200 000040
May 15 20:02:39 client cloud-init[643]: Your public key has been saved in /etc/ssh/ssh_host_ecdsa_key.pub
May 15 20:02:39 client kernel: [    0.001609] ACPI: FACS 0x000000007FFF0200 000040
May 15 20:02:39 client kernel: [    0.001615] ACPI: APIC 0x000000007FFF0240 00005C (v02 VBOX   VBOXAPIC 00000001 ASL  00000061)
May 15 20:02:39 client kernel: [    0.001623] ACPI: SSDT 0x000000007FFF02A0 00036C (v01 VBOX   VBOXCPUT 00000002 INTL 20221020)
May 15 20:02:39 client kernel: [    0.001628] ACPI: Reserving FACP table memory at [mem 0x7fff00f0-0x7fff01e3]
May 15 20:02:39 client kernel: [    0.001631] ACPI: Reserving DSDT table memory at [mem 0x7fff0610-0x7fff2962]
May 15 20:02:39 client kernel: [    0.001633] ACPI: Reserving FACS table memory at [mem 0x7fff0200-0x7fff023f]
May 15 20:02:39 client kernel: [    0.001635] ACPI: Reserving FACS table memory at [mem 0x7fff0200-0x7fff023f]
May 15 20:02:39 client kernel: [    0.001637] ACPI: Reserving APIC table memory at [mem 0x7fff0240-0x7fff029b]
May 15 20:02:39 client kernel: [    0.001639] ACPI: Reserving SSDT table memory at [mem 0x7fff02a0-0x7fff060b]
May 15 20:02:39 client kernel: [    0.001999] No NUMA configuration found
May 15 20:02:39 client cloud-init[643]: The key fingerprint is:
May 15 20:02:39 client kernel: [    0.002002] Faking a node at [mem 0x0000000000000000-0x000000007ffeffff]
May 15 20:02:39 client kernel: [    0.002016] NODE_DATA(0) allocated [mem 0x7ffc6000-0x7ffeffff]
May 15 20:02:39 client kernel: [    0.002605] Zone ranges:
May 15 20:02:39 client kernel: [    0.002608]   DMA      [mem 0x0000000000001000-0x0000000000ffffff]
May 15 20:02:39 client cloud-init[643]: SHA256:40nvsjCw9cpFFKZVNC42wdRRfLBIEXZbBBOAl6HxP40 root@client
May 15 20:02:39 client cloud-init[643]: The key's randomart image is:
May 15 20:02:39 client cloud-init[643]: +---[ECDSA 256]---+
May 15 20:02:39 client cloud-init[643]: |       oB=%XB=o  |
May 15 20:02:39 client cloud-init[643]: |       +oX++.=.  |
May 15 20:02:39 client cloud-init[643]: |      . *.+ o.   |
May 15 20:02:39 client cloud-init[643]: |       o o . o   |
May 15 20:02:39 client cloud-init[643]: |    . . S   E .  |
May 15 20:02:39 client cloud-init[643]: |     + = +   .   |
May 15 20:02:39 client cloud-init[643]: |    . o = .      |
May 15 20:02:39 client cloud-init[643]: |     . =..       |
May 15 20:02:39 client cloud-init[643]: |      o .o.      |
May 15 20:02:39 client cloud-init[643]: +----[SHA256]-----+
May 15 20:02:39 client cloud-init[643]: Generating public/private ed25519 key pair.
May 15 20:02:39 client cloud-init[643]: Your identification has been saved in /etc/ssh/ssh_host_ed25519_key
May 15 20:02:39 client kernel: [    0.002611]   DMA32    [mem 0x0000000001000000-0x000000007ffeffff]
May 15 20:02:39 client kernel: [    0.002614]   Normal   empty
May 15 20:02:39 client kernel: [    0.002617]   Device   empty
May 15 20:02:39 client kernel: [    0.002619] Movable zone start for each node
May 15 20:02:39 client kernel: [    0.002623] Early memory node ranges
May 15 20:02:39 client kernel: [    0.002624]   node   0: [mem 0x0000000000001000-0x000000000009efff]
May 15 20:02:39 client kernel: [    0.002627]   node   0: [mem 0x0000000000100000-0x000000007ffeffff]
May 15 20:02:39 client kernel: [    0.002630] Initmem setup node 0 [mem 0x0000000000001000-0x000000007ffeffff]
May 15 20:02:39 client kernel: [    0.002638] On node 0, zone DMA: 1 pages in unavailable ranges
May 15 20:02:39 client kernel: [    0.002696] On node 0, zone DMA: 97 pages in unavailable ranges
May 15 20:02:39 client cloud-init[643]: Your public key has been saved in /etc/ssh/ssh_host_ed25519_key.pub
May 15 20:02:39 client kernel: [    0.011382] On node 0, zone DMA32: 16 pages in unavailable ranges
May 15 20:02:39 client kernel: [    0.012243] ACPI: PM-Timer IO Port: 0x4008
May 15 20:02:39 client kernel: [    0.012381] IOAPIC[0]: apic_id 2, version 32, address 0xfec00000, GSI 0-23
May 15 20:02:39 client kernel: [    0.012392] ACPI: INT_SRC_OVR (bus 0 bus_irq 0 global_irq 2 dfl dfl)
May 15 20:02:39 client kernel: [    0.012398] ACPI: INT_SRC_OVR (bus 0 bus_irq 9 global_irq 9 low level)
May 15 20:02:39 client cloud-init[643]: The key fingerprint is:
May 15 20:02:39 client cloud-init[643]: SHA256:ytMinrMnuWAeGLcQ/VZzpNX/OC5R9ny7NLUcbywrAyU root@client
May 15 20:02:39 client cloud-init[643]: The key's randomart image is:
May 15 20:02:39 client cloud-init[643]: +--[ED25519 256]--+
May 15 20:02:39 client cloud-init[643]: |        o.       |
May 15 20:02:39 client cloud-init[643]: | .     +  .      |
May 15 20:02:39 client cloud-init[643]: |. .   + .  .     |
May 15 20:02:39 client cloud-init[643]: | . . . o  E =    |
May 15 20:02:39 client cloud-init[643]: |o . o   S  = = ..|
May 15 20:02:39 client cloud-init[643]: | = o . o  o o =.*|
May 15 20:02:39 client cloud-init[643]: |. = ..= .  + ..*=|
May 15 20:02:39 client cloud-init[643]: | o ++o.o  . + .=.|
May 15 20:02:39 client cloud-init[643]: |  . =*     . o...|
May 15 20:02:39 client cloud-init[643]: +----[SHA256]-----+
May 15 20:02:39 client systemd[1]: Finished Initial cloud-init job (metadata service crawler).
May 15 20:02:39 client systemd[1]: Reached target Cloud-config availability.
May 15 20:02:39 client systemd[1]: Reached target Network is Online.
May 15 20:02:39 client systemd[1]: Reached target System Initialization.
May 15 20:02:39 client systemd[1]: Condition check resulted in Process error reports when automatic reporting is enabled (file watch) being skipped.
May 15 20:02:39 client systemd[1]: Condition check resulted in Process error reports when automatic reporting is enabled (timer based) being skipped.
May 15 20:02:39 client systemd[1]: Started Daily apt download activities.
May 15 20:02:39 client systemd[1]: Started Daily apt upgrade and clean activities.
May 15 20:02:39 client systemd[1]: Started Daily dpkg database backup timer.
May 15 20:02:39 client systemd[1]: Started Periodic ext4 Online Metadata Check for All Filesystems.
May 15 20:02:39 client systemd[1]: Started Discard unused blocks once a week.
May 15 20:02:39 client systemd[1]: Started Refresh fwupd metadata regularly.
May 15 20:02:39 client systemd[1]: Started Daily rotation of log files.
May 15 20:02:39 client systemd[1]: Started Daily man-db regeneration.
May 15 20:02:39 client systemd[1]: Started Message of the Day.
May 15 20:02:39 client systemd[1]: Condition check resulted in Timer to automatically fetch and run repair assertions being skipped.
May 15 20:02:39 client systemd[1]: Started Daily Cleanup of Temporary Directories.
May 15 20:02:39 client systemd[1]: Started Ubuntu Advantage Timer for running repeated jobs.
May 15 20:02:39 client systemd[1]: Started Download data for packages that failed at package install time.
May 15 20:02:39 client systemd[1]: Started Check to see whether there is a new version of Ubuntu available.
May 15 20:02:39 client systemd[1]: Reached target Path Units.
May 15 20:02:39 client systemd[1]: Reached target Timer Units.
May 15 20:02:39 client systemd[1]: Condition check resulted in Unix socket for apport crash forwarding being skipped.
May 15 20:02:39 client systemd[1]: Listening on cloud-init hotplug hook socket.
May 15 20:02:39 client systemd[1]: Listening on D-Bus System Message Bus Socket.
May 15 20:02:39 client kernel: [    0.012409] ACPI: Using ACPI (MADT) for SMP configuration information
May 15 20:02:39 client systemd[1]: Listening on Open-iSCSI iscsid Socket.
May 15 20:02:39 client systemd[1]: Starting Socket activation for snappy daemon...
May 15 20:02:39 client systemd[1]: Listening on UUID daemon activation socket.
May 15 20:02:39 client systemd[1]: Condition check resulted in Login to default iSCSI targets being skipped.
May 15 20:02:39 client systemd[1]: Reached target Preparation for Remote File Systems.
May 15 20:02:39 client systemd[1]: Reached target Remote File Systems.
May 15 20:02:39 client systemd[1]: Finished Availability of block devices.
May 15 20:02:39 client systemd[1]: Listening on Socket activation for snappy daemon.
May 15 20:02:39 client systemd[1]: Reached target Socket Units.
May 15 20:02:39 client systemd[1]: Reached target Basic System.
May 15 20:02:39 client systemd[1]: Starting LSB: automatic crash report generation...
May 15 20:02:39 client systemd[1]: Started Regular background program processing daemon.
May 15 20:02:39 client systemd[1]: Started D-Bus System Message Bus.
May 15 20:02:39 client systemd[1]: Started Save initial kernel messages after boot.
May 15 20:02:39 client systemd[1]: Starting Remove Stale Online ext4 Metadata Check Snapshots...
May 15 20:02:39 client systemd[1]: Condition check resulted in getty on tty2-tty6 if dbus and logind are not available being skipped.
May 15 20:02:39 client cron[662]: (CRON) INFO (pidfile fd = 3)
May 15 20:02:39 client systemd[1]: Starting Record successful boot for GRUB...
May 15 20:02:39 client systemd[1]: Started irqbalance daemon.
May 15 20:02:39 client systemd[1]: Starting Dispatcher daemon for systemd-networkd...
May 15 20:02:39 client systemd[1]: Starting Authorization Manager...
May 15 20:02:39 client systemd[1]: Starting Pollinate to seed the pseudo random number generator...
May 15 20:02:39 client systemd[1]: Starting System Logging Service...
May 15 20:02:39 client systemd[1]: Condition check resulted in Secure Boot updates for DB and DBX being skipped.
May 15 20:02:39 client systemd[1]: Condition check resulted in Userspace listener for prompt events being skipped.
May 15 20:02:39 client systemd[1]: Condition check resulted in Automatically repair incorrect owner/permissions on core devices being skipped.
May 15 20:02:39 client systemd[1]: Condition check resulted in Wait for the Ubuntu Core chooser trigger being skipped.
May 15 20:02:39 client systemd[1]: Reached target Preparation for Logins.
May 15 20:02:39 client systemd[1]: Starting Snap Daemon...
May 15 20:02:39 client cron[662]: (CRON) INFO (Running @reboot jobs)
May 15 20:02:39 client systemd[1]: Starting User Login Management...
May 15 20:02:39 client systemd[1]: Starting Permit User Sessions...
May 15 20:02:39 client systemd[1]: Condition check resulted in Thermal Daemon Service being skipped.
May 15 20:02:39 client systemd[1]: Condition check resulted in Ubuntu Advantage reboot cmds being skipped.
May 15 20:02:39 client systemd[1]: Starting Disk Manager...
May 15 20:02:39 client systemd[1]: Finished Permit User Sessions.
May 15 20:02:39 client systemd[1]: Starting Hold until boot process finishes up...
May 15 20:02:39 client systemd[1]: Starting Terminate Plymouth Boot Screen...
May 15 20:02:39 client systemd[1]: Finished Hold until boot process finishes up.
May 15 20:02:39 client systemd[1]: Starting Set console scheme...
May 15 20:02:39 client systemd[1]: Finished Terminate Plymouth Boot Screen.
May 15 20:02:39 client systemd[1]: Finished Set console scheme.
May 15 20:02:39 client systemd[1]: Created slice Slice /system/getty.
May 15 20:02:39 client systemd[1]: Started Getty on tty1.
May 15 20:02:39 client systemd[1]: Reached target Login Prompts.
May 15 20:02:39 client systemd[1]: grub-common.service: Deactivated successfully.
May 15 20:02:39 client systemd[1]: Finished Record successful boot for GRUB.
May 15 20:02:39 client systemd[1]: Starting GRUB failed boot detection...
May 15 20:02:39 client systemd[1]: e2scrub_reap.service: Deactivated successfully.
May 15 20:02:39 client systemd[1]: Finished Remove Stale Online ext4 Metadata Check Snapshots.
May 15 20:02:39 client systemd[1]: grub-initrd-fallback.service: Deactivated successfully.
May 15 20:02:39 client systemd[1]: Finished GRUB failed boot detection.
May 15 20:02:39 client udisksd[678]: udisks daemon version 2.9.4 starting
May 15 20:02:39 client apport[661]:  * Starting automatic crash report generation: apport
May 15 20:02:39 client pollinate[672]: client sent challenge to [https://entropy.ubuntu.com/]
May 15 20:02:39 client rsyslogd: imuxsock: Acquired UNIX socket '/run/systemd/journal/syslog' (fd 3) from systemd.  [v8.2112.0]
May 15 20:02:39 client rsyslogd: rsyslogd's groupid changed to 113
May 15 20:02:39 client systemd[1]: Started System Logging Service.
May 15 20:02:39 client rsyslogd: rsyslogd's userid changed to 107
May 15 20:02:39 client rsyslogd: [origin software="rsyslogd" swVersion="8.2112.0" x-pid="673" x-info="https://www.rsyslog.com"] start
May 15 20:02:39 client kernel: [    0.012423] smpboot: Allowing 2 CPUs, 0 hotplug CPUs
May 15 20:02:39 client kernel: [    0.012464] PM: hibernation: Registered nosave memory: [mem 0x00000000-0x00000fff]
May 15 20:02:39 client kernel: [    0.012471] PM: hibernation: Registered nosave memory: [mem 0x0009f000-0x0009ffff]
May 15 20:02:39 client kernel: [    0.012475] PM: hibernation: Registered nosave memory: [mem 0x000a0000-0x000effff]
May 15 20:02:39 client kernel: [    0.012479] PM: hibernation: Registered nosave memory: [mem 0x000f0000-0x000fffff]
May 15 20:02:39 client kernel: [    0.012484] [mem 0x80000000-0xfebfffff] available for PCI devices
May 15 20:02:39 client kernel: [    0.012488] Booting paravirtualized kernel on KVM
May 15 20:02:39 client kernel: [    0.012493] clocksource: refined-jiffies: mask: 0xffffffff max_cycles: 0xffffffff, max_idle_ns: 7645519600211568 ns
May 15 20:02:39 client kernel: [    0.012508] setup_percpu: NR_CPUS:8192 nr_cpumask_bits:2 nr_cpu_ids:2 nr_node_ids:1
May 15 20:02:39 client kernel: [    0.012822] percpu: Embedded 60 pages/cpu s208896 r8192 d28672 u1048576
May 15 20:02:39 client kernel: [    0.012838] pcpu-alloc: s208896 r8192 d28672 u1048576 alloc=1*2097152
May 15 20:02:39 client kernel: [    0.012845] pcpu-alloc: [0] 0 1 
May 15 20:02:39 client kernel: [    0.012901] kvm-guest: PV spinlocks enabled
May 15 20:02:39 client kernel: [    0.012907] PV qspinlock hash table entries: 256 (order: 0, 4096 bytes, linear)
May 15 20:02:39 client kernel: [    0.012927] Built 1 zonelists, mobility grouping on.  Total pages: 515824
May 15 20:02:39 client kernel: [    0.012931] Policy zone: DMA32
May 15 20:02:39 client kernel: [    0.012935] Kernel command line: BOOT_IMAGE=/vmlinuz-5.15.0-72-generic root=/dev/mapper/ubuntu--vg-ubuntu--lv ro
May 15 20:02:39 client kernel: [    0.013012] Unknown kernel command line parameters "BOOT_IMAGE=/vmlinuz-5.15.0-72-generic", will be passed to user space.
May 15 20:02:39 client kernel: [    0.013254] Dentry cache hash table entries: 262144 (order: 9, 2097152 bytes, linear)
May 15 20:02:39 client kernel: [    0.013386] Inode-cache hash table entries: 131072 (order: 8, 1048576 bytes, linear)
May 15 20:02:39 client kernel: [    0.013498] mem auto-init: stack:off, heap alloc:on, heap free:off
May 15 20:02:39 client kernel: [    0.020829] Memory: 1906348K/2096696K available (16393K kernel code, 4383K rwdata, 10840K rodata, 3244K init, 6548K bss, 190088K reserved, 0K cma-reserved)
May 15 20:02:39 client kernel: [    0.021658] SLUB: HWalign=64, Order=0-3, MinObjects=0, CPUs=2, Nodes=1
May 15 20:02:39 client kernel: [    0.021694] Kernel/User page tables isolation: enabled
May 15 20:02:39 client kernel: [    0.021717] ftrace: allocating 50604 entries in 198 pages
May 15 20:02:39 client kernel: [    0.057585] ftrace: allocated 198 pages with 4 groups
May 15 20:02:39 client kernel: [    0.057785] rcu: Hierarchical RCU implementation.
May 15 20:02:39 client kernel: [    0.057788] rcu: 	RCU restricting CPUs from NR_CPUS=8192 to nr_cpu_ids=2.
May 15 20:02:39 client kernel: [    0.057791] 	Rude variant of Tasks RCU enabled.
May 15 20:02:39 client kernel: [    0.057792] 	Tracing variant of Tasks RCU enabled.
May 15 20:02:39 client kernel: [    0.057794] rcu: RCU calculated value of scheduler-enlistment delay is 25 jiffies.
May 15 20:02:39 client kernel: [    0.057796] rcu: Adjusting geometry for rcu_fanout_leaf=16, nr_cpu_ids=2
May 15 20:02:39 client kernel: [    0.065425] NR_IRQS: 524544, nr_irqs: 440, preallocated irqs: 16
May 15 20:02:39 client kernel: [    0.065973] random: crng init done
May 15 20:02:39 client kernel: [    0.080121] Console: colour VGA+ 80x25
May 15 20:02:39 client kernel: [    0.122881] printk: console [tty0] enabled
May 15 20:02:39 client kernel: [    0.123219] ACPI: Core revision 20210730
May 15 20:02:39 client kernel: [    0.123822] APIC: Switch to symmetric I/O mode setup
May 15 20:02:39 client kernel: [    0.124795] x2apic enabled
May 15 20:02:39 client kernel: [    0.125361] Switched APIC routing to physical x2apic.
May 15 20:02:39 client kernel: [    0.127229] ..TIMER: vector=0x30 apic1=0 pin1=2 apic2=-1 pin2=-1
May 15 20:02:39 client kernel: [    0.127629] clocksource: tsc-early: mask: 0xffffffffffffffff max_cycles: 0x398642b8c65, max_idle_ns: 881590773603 ns
May 15 20:02:39 client kernel: [    0.128250] Calibrating delay loop (skipped) preset value.. 3990.75 BogoMIPS (lpj=7981516)
May 15 20:02:39 client kernel: [    0.128777] pid_max: default: 32768 minimum: 301
May 15 20:02:39 client kernel: [    0.129124] LSM: Security Framework initializing
May 15 20:02:39 client kernel: [    0.129535] landlock: Up and running.
May 15 20:02:39 client kernel: [    0.129807] Yama: becoming mindful.
May 15 20:02:39 client kernel: [    0.130113] AppArmor: AppArmor initialized
May 15 20:02:39 client kernel: [    0.130455] Mount-cache hash table entries: 4096 (order: 3, 32768 bytes, linear)
May 15 20:02:39 client kernel: [    0.130954] Mountpoint-cache hash table entries: 4096 (order: 3, 32768 bytes, linear)
May 15 20:02:39 client kernel: [    0.131973] Last level iTLB entries: 4KB 64, 2MB 8, 4MB 8
May 15 20:02:39 client kernel: [    0.132244] Last level dTLB entries: 4KB 64, 2MB 0, 4MB 0, 1GB 4
May 15 20:02:39 client kernel: [    0.132244] Spectre V1 : Mitigation: usercopy/swapgs barriers and __user pointer sanitization
May 15 20:02:39 client kernel: [    0.132244] Spectre V2 : Mitigation: Retpolines
May 15 20:02:39 client kernel: [    0.132244] Spectre V2 : Spectre v2 / SpectreRSB mitigation: Filling RSB on context switch
May 15 20:02:39 client kernel: [    0.132244] Spectre V2 : Spectre v2 / SpectreRSB : Filling RSB on VMEXIT
May 15 20:02:39 client kernel: [    0.132244] Speculative Store Bypass: Vulnerable
May 15 20:02:39 client kernel: [    0.132244] MDS: Mitigation: Clear CPU buffers
May 15 20:02:39 client kernel: [    0.132244] MMIO Stale Data: Unknown: No mitigations
May 15 20:02:39 client kernel: [    0.132244] SRBDS: Unknown: Dependent on hypervisor status
May 15 20:02:39 client kernel: [    0.132244] Freeing SMP alternatives memory: 44K
May 15 20:02:39 client kernel: [    0.256713] APIC calibration not consistent with PM-Timer: 108ms instead of 100ms
May 15 20:02:39 client kernel: [    0.257243] APIC delta adjusted to PM-Timer: 6653902 (7218683)
May 15 20:02:39 client kernel: [    0.257979] smpboot: CPU0: Intel(R) Core(TM) i3-5005U CPU @ 2.00GHz (family: 0x6, model: 0x3d, stepping: 0x4)
May 15 20:02:39 client kernel: [    0.258839] Performance Events: unsupported p6 CPU model 61 no PMU driver, software events only.
May 15 20:02:39 client kernel: [    0.259439] rcu: Hierarchical SRCU implementation.
May 15 20:02:39 client kernel: [    0.260244] NMI watchdog: Perf NMI watchdog permanently disabled
May 15 20:02:39 client kernel: [    0.260244] smp: Bringing up secondary CPUs ...
May 15 20:02:39 client kernel: [    0.260244] x86: Booting SMP configuration:
May 15 20:02:39 client kernel: [    0.260244] .... node  #0, CPUs:      #1
May 15 20:02:39 client kernel: [    0.066297] kvm-clock: cpu 1, msr 7a001041, secondary cpu clock
May 15 20:02:39 client kernel: [    0.262394] smp: Brought up 1 node, 2 CPUs
May 15 20:02:39 client kernel: [    0.262394] smpboot: Max logical packages: 1
May 15 20:02:39 client kernel: [    0.262394] smpboot: Total of 2 processors activated (7981.51 BogoMIPS)
May 15 20:02:39 client kernel: [    0.264299] devtmpfs: initialized
May 15 20:02:39 client kernel: [    0.264600] x86/mm: Memory block size: 128MB
May 15 20:02:39 client kernel: [    0.265254] clocksource: jiffies: mask: 0xffffffff max_cycles: 0xffffffff, max_idle_ns: 7645041785100000 ns
May 15 20:02:39 client kernel: [    0.265254] futex hash table entries: 512 (order: 3, 32768 bytes, linear)
May 15 20:02:39 client kernel: [    0.265434] pinctrl core: initialized pinctrl subsystem
May 15 20:02:39 client kernel: [    0.265918] PM: RTC time: 20:02:12, date: 2023-05-15
May 15 20:02:39 client kernel: [    0.266448] NET: Registered PF_NETLINK/PF_ROUTE protocol family
May 15 20:02:39 client kernel: [    0.266969] DMA: preallocated 256 KiB GFP_KERNEL pool for atomic allocations
May 15 20:02:39 client kernel: [    0.268295] DMA: preallocated 256 KiB GFP_KERNEL|GFP_DMA pool for atomic allocations
May 15 20:02:39 client kernel: [    0.268833] DMA: preallocated 256 KiB GFP_KERNEL|GFP_DMA32 pool for atomic allocations
May 15 20:02:39 client kernel: [    0.269448] audit: initializing netlink subsys (disabled)
May 15 20:02:39 client kernel: [    0.269851] audit: type=2000 audit(1684180939.014:1): state=initialized audit_enabled=0 res=1
May 15 20:02:39 client kernel: [    0.269851] thermal_sys: Registered thermal governor 'fair_share'
May 15 20:02:39 client kernel: [    0.269851] thermal_sys: Registered thermal governor 'bang_bang'
May 15 20:02:39 client kernel: [    0.269851] thermal_sys: Registered thermal governor 'step_wise'
May 15 20:02:39 client kernel: [    0.269914] thermal_sys: Registered thermal governor 'user_space'
May 15 20:02:39 client kernel: [    0.270271] thermal_sys: Registered thermal governor 'power_allocator'
May 15 20:02:39 client kernel: [    0.270648] EISA bus registered
May 15 20:02:39 client kernel: [    0.272514] cpuidle: using governor ladder
May 15 20:02:39 client kernel: [    0.273860] cpuidle: using governor menu
May 15 20:02:39 client kernel: [    0.274210] ACPI: bus type PCI registered
May 15 20:02:39 client kernel: [    0.275155] acpiphp: ACPI Hot Plug PCI Controller Driver version: 0.5
May 15 20:02:39 client kernel: [    0.276052] PCI: Using configuration type 1 for base access
May 15 20:02:39 client kernel: [    0.280407] kprobes: kprobe jump-optimization is enabled. All kprobes are optimized if possible.
May 15 20:02:39 client kernel: [    0.281197] HugeTLB registered 2.00 MiB page size, pre-allocated 0 pages
May 15 20:02:39 client kernel: [    0.284379] ACPI: Added _OSI(Module Device)
May 15 20:02:39 client kernel: [    0.284696] ACPI: Added _OSI(Processor Device)
May 15 20:02:39 client kernel: [    0.285000] ACPI: Added _OSI(3.0 _SCP Extensions)
May 15 20:02:39 client kernel: [    0.285313] ACPI: Added _OSI(Processor Aggregator Device)
May 15 20:02:39 client kernel: [    0.285729] ACPI: Added _OSI(Linux-Dell-Video)
May 15 20:02:39 client kernel: [    0.286073] ACPI: Added _OSI(Linux-Lenovo-NV-HDMI-Audio)
May 15 20:02:39 client kernel: [    0.286601] ACPI: Added _OSI(Linux-HPI-Hybrid-Graphics)
May 15 20:02:39 client kernel: [    0.291558] ACPI: 2 ACPI AML tables successfully acquired and loaded
May 15 20:02:39 client kernel: [    0.294174] ACPI: Interpreter enabled
May 15 20:02:39 client kernel: [    0.294901] ACPI: PM: (supports S0 S5)
May 15 20:02:39 client kernel: [    0.295241] ACPI: Using IOAPIC for interrupt routing
May 15 20:02:39 client kernel: [    0.296148] PCI: Using host bridge windows from ACPI; if necessary, use "pci=nocrs" and report a bug
May 15 20:02:39 client kernel: [    0.296262] PCI: Using E820 reservations for host bridge windows
May 15 20:02:39 client kernel: [    0.296854] ACPI: Enabled 2 GPEs in block 00 to 07
May 15 20:02:39 client kernel: [    0.305068] ACPI: PCI Root Bridge [PCI0] (domain 0000 [bus 00-ff])
May 15 20:02:39 client kernel: [    0.305455] acpi PNP0A03:00: _OSC: OS supports [ASPM ClockPM Segments MSI EDR HPX-Type3]
May 15 20:02:39 client kernel: [    0.306773] acpi PNP0A03:00: _OSC: not requesting OS control; OS requires [ExtendedConfig ASPM ClockPM MSI]
May 15 20:02:39 client kernel: [    0.307365] acpi PNP0A03:00: fail to add MMCONFIG information, can't access extended PCI configuration space under this bridge.
May 15 20:02:39 client kernel: [    0.308244] PCI host bridge to bus 0000:00
May 15 20:02:39 client kernel: [    0.308244] pci_bus 0000:00: root bus resource [bus 00-ff]
May 15 20:02:39 client kernel: [    0.308244] pci_bus 0000:00: root bus resource [io  0x0000-0x0cf7 window]
May 15 20:02:39 client kernel: [    0.308244] pci_bus 0000:00: root bus resource [io  0x0d00-0xffff window]
May 15 20:02:39 client kernel: [    0.308244] pci_bus 0000:00: root bus resource [mem 0x000a0000-0x000bffff window]
May 15 20:02:39 client kernel: [    0.308247] pci_bus 0000:00: root bus resource [mem 0x80000000-0xfdffffff window]
May 15 20:02:39 client kernel: [    0.309324] pci 0000:00:00.0: [8086:1237] type 00 class 0x060000
May 15 20:02:39 client kernel: [    0.310927] pci 0000:00:01.0: [8086:7000] type 00 class 0x060100
May 15 20:02:39 client kernel: [    0.313033] pci 0000:00:01.1: [8086:7111] type 00 class 0x01018a
May 15 20:02:39 client kernel: [    0.313811] pci 0000:00:01.1: reg 0x20: [io  0xd000-0xd00f]
May 15 20:02:39 client kernel: [    0.314346] pci 0000:00:01.1: legacy IDE quirk: reg 0x10: [io  0x01f0-0x01f7]
May 15 20:02:39 client kernel: [    0.315099] pci 0000:00:01.1: legacy IDE quirk: reg 0x14: [io  0x03f6]
May 15 20:02:39 client kernel: [    0.315631] pci 0000:00:01.1: legacy IDE quirk: reg 0x18: [io  0x0170-0x0177]
May 15 20:02:39 client kernel: [    0.316252] pci 0000:00:01.1: legacy IDE quirk: reg 0x1c: [io  0x0376]
May 15 20:02:39 client kernel: [    0.317778] pci 0000:00:02.0: [15ad:0405] type 00 class 0x030000
May 15 20:02:39 client kernel: [    0.320296] pci 0000:00:02.0: reg 0x10: [io  0xd010-0xd01f]
May 15 20:02:39 client kernel: [    0.322849] pci 0000:00:02.0: reg 0x14: [mem 0xe0000000-0xe0ffffff pref]
May 15 20:02:39 client kernel: [    0.324691] pci 0000:00:02.0: reg 0x18: [mem 0xf0000000-0xf01fffff]
May 15 20:02:39 client kernel: [    0.330509] pci 0000:00:02.0: Video device with shadowed ROM at [mem 0x000c0000-0x000dffff]
May 15 20:02:39 client kernel: [    0.333089] pci 0000:00:03.0: [8086:100e] type 00 class 0x020000
May 15 20:02:39 client kernel: [    0.335004] pci 0000:00:03.0: reg 0x10: [mem 0xf0200000-0xf021ffff]
May 15 20:02:39 client kernel: [    0.338093] pci 0000:00:03.0: reg 0x18: [io  0xd020-0xd027]
May 15 20:02:39 client kernel: [    0.344244] pci 0000:00:04.0: [80ee:cafe] type 00 class 0x088000
May 15 20:02:39 client kernel: [    0.345684] pci 0000:00:04.0: reg 0x10: [io  0xd040-0xd05f]
May 15 20:02:39 client kernel: [    0.348405] pci 0000:00:04.0: reg 0x14: [mem 0xf0400000-0xf07fffff]
May 15 20:02:39 client kernel: [    0.350236] pci 0000:00:04.0: reg 0x18: [mem 0xf0800000-0xf0803fff pref]
May 15 20:02:39 client kernel: [    0.357491] pci 0000:00:05.0: [8086:2415] type 00 class 0x040100
May 15 20:02:39 client kernel: [    0.358056] pci 0000:00:05.0: reg 0x10: [io  0xd100-0xd1ff]
May 15 20:02:39 client kernel: [    0.360324] pci 0000:00:05.0: reg 0x14: [io  0xd200-0xd23f]
May 15 20:02:39 client kernel: [    0.361972] pci 0000:00:06.0: [106b:003f] type 00 class 0x0c0310
May 15 20:02:39 client kernel: [    0.364433] pci 0000:00:06.0: reg 0x10: [mem 0xf0804000-0xf0804fff]
May 15 20:02:39 client kernel: [    0.374169] pci 0000:00:07.0: [8086:7113] type 00 class 0x068000
May 15 20:02:39 client kernel: [    0.375405] pci 0000:00:07.0: quirk: [io  0x4000-0x403f] claimed by PIIX4 ACPI
May 15 20:02:39 client kernel: [    0.376281] pci 0000:00:07.0: quirk: [io  0x4100-0x410f] claimed by PIIX4 SMB
May 15 20:02:39 client kernel: [    0.378333] pci 0000:00:08.0: [8086:100e] type 00 class 0x020000
May 15 20:02:39 client kernel: [    0.380431] pci 0000:00:08.0: reg 0x10: [mem 0xf0820000-0xf083ffff]
May 15 20:02:39 client kernel: [    0.384409] pci 0000:00:08.0: reg 0x18: [io  0xd240-0xd247]
May 15 20:02:39 client kernel: [    0.392600] pci 0000:00:09.0: [8086:100e] type 00 class 0x020000
May 15 20:02:39 client kernel: [    0.394806] pci 0000:00:09.0: reg 0x10: [mem 0xf0840000-0xf085ffff]
May 15 20:02:39 client kernel: [    0.397809] pci 0000:00:09.0: reg 0x18: [io  0xd248-0xd24f]
May 15 20:02:39 client kernel: [    0.406018] pci 0000:00:0b.0: [8086:265c] type 00 class 0x0c0320
May 15 20:02:39 client kernel: [    0.408306] pci 0000:00:0b.0: reg 0x10: [mem 0xf0860000-0xf0860fff]
May 15 20:02:39 client kernel: [    0.419519] pci 0000:00:0d.0: [8086:2829] type 00 class 0x010601
May 15 20:02:39 client kernel: [    0.420244] pci 0000:00:0d.0: reg 0x10: [io  0xd250-0xd257]
May 15 20:02:39 client kernel: [    0.420491] pci 0000:00:0d.0: reg 0x14: [io  0xd258-0xd25b]
May 15 20:02:39 client kernel: [    0.422295] pci 0000:00:0d.0: reg 0x18: [io  0xd260-0xd267]
May 15 20:02:39 client kernel: [    0.424464] pci 0000:00:0d.0: reg 0x1c: [io  0xd268-0xd26b]
May 15 20:02:39 client kernel: [    0.426298] pci 0000:00:0d.0: reg 0x20: [io  0xd270-0xd27f]
May 15 20:02:39 client kernel: [    0.428481] pci 0000:00:0d.0: reg 0x24: [mem 0xf0862000-0xf0863fff]
May 15 20:02:39 client kernel: [    0.441998] ACPI: PCI: Interrupt link LNKA configured for IRQ 11
May 15 20:02:39 client kernel: [    0.443157] ACPI: PCI: Interrupt link LNKB configured for IRQ 10
May 15 20:02:39 client kernel: [    0.443736] ACPI: PCI: Interrupt link LNKC configured for IRQ 9
May 15 20:02:39 client kernel: [    0.444411] ACPI: PCI: Interrupt link LNKD configured for IRQ 11
May 15 20:02:39 client kernel: [    0.445127] iommu: Default domain type: Translated 
May 15 20:02:39 client kernel: [    0.445127] iommu: DMA domain TLB invalidation policy: lazy mode 
May 15 20:02:39 client kernel: [    0.445257] SCSI subsystem initialized
May 15 20:02:39 client kernel: [    0.445556] libata version 3.00 loaded.
May 15 20:02:39 client kernel: [    0.445556] pci 0000:00:02.0: vgaarb: setting as boot VGA device
May 15 20:02:39 client kernel: [    0.445556] pci 0000:00:02.0: vgaarb: VGA device added: decodes=io+mem,owns=io+mem,locks=none
May 15 20:02:39 client kernel: [    0.448251] pci 0000:00:02.0: vgaarb: bridge control possible
May 15 20:02:39 client kernel: [    0.448623] vgaarb: loaded
May 15 20:02:39 client kernel: [    0.448916] ACPI: bus type USB registered
May 15 20:02:39 client kernel: [    0.449223] usbcore: registered new interface driver usbfs
May 15 20:02:39 client kernel: [    0.449574] usbcore: registered new interface driver hub
May 15 20:02:39 client kernel: [    0.450414] usbcore: registered new device driver usb
May 15 20:02:39 client kernel: [    0.451011] pps_core: LinuxPPS API ver. 1 registered
May 15 20:02:39 client kernel: [    0.451501] pps_core: Software ver. 5.3.6 - Copyright 2005-2007 Rodolfo Giometti <giometti@linux.it>
May 15 20:02:39 client kernel: [    0.452263] PTP clock support registered
May 15 20:02:39 client kernel: [    0.452597] EDAC MC: Ver: 3.0.0
May 15 20:02:39 client kernel: [    0.452933] NetLabel: Initializing
May 15 20:02:39 client kernel: [    0.452933] NetLabel:  domain hash size = 128
May 15 20:02:39 client kernel: [    0.453109] NetLabel:  protocols = UNLABELED CIPSOv4 CALIPSO
May 15 20:02:39 client kernel: [    0.453485] NetLabel:  unlabeled traffic allowed by default
May 15 20:02:39 client kernel: [    0.453879] PCI: Using ACPI for IRQ routing
May 15 20:02:39 client kernel: [    0.456250] PCI: pci_cache_line_size set to 64 bytes
May 15 20:02:39 client kernel: [    0.456540] e820: reserve RAM buffer [mem 0x0009fc00-0x0009ffff]
May 15 20:02:39 client kernel: [    0.456547] e820: reserve RAM buffer [mem 0x7fff0000-0x7fffffff]
May 15 20:02:39 client kernel: [    0.458428] clocksource: Switched to clocksource kvm-clock
May 15 20:02:39 client kernel: [    0.472690] VFS: Disk quotas dquot_6.6.0
May 15 20:02:39 client kernel: [    0.480209] VFS: Dquot-cache hash table entries: 512 (order 0, 4096 bytes)
May 15 20:02:39 client kernel: [    0.480414] AppArmor: AppArmor Filesystem Enabled
May 15 20:02:39 client kernel: [    0.480414] pnp: PnP ACPI init
May 15 20:02:39 client kernel: [    0.480414] pnp: PnP ACPI: found 2 devices
May 15 20:02:39 client kernel: [    0.494490] clocksource: acpi_pm: mask: 0xffffff max_cycles: 0xffffff, max_idle_ns: 2085701024 ns
May 15 20:02:39 client kernel: [    0.495154] NET: Registered PF_INET protocol family
May 15 20:02:39 client kernel: [    0.495537] IP idents hash table entries: 32768 (order: 6, 262144 bytes, linear)
May 15 20:02:39 client kernel: [    0.497019] tcp_listen_portaddr_hash hash table entries: 1024 (order: 2, 16384 bytes, linear)
May 15 20:02:39 client kernel: [    0.497860] Table-perturb hash table entries: 65536 (order: 6, 262144 bytes, linear)
May 15 20:02:39 client kernel: [    0.498557] TCP established hash table entries: 16384 (order: 5, 131072 bytes, linear)
May 15 20:02:39 client kernel: [    0.499264] TCP bind hash table entries: 16384 (order: 6, 262144 bytes, linear)
May 15 20:02:39 client kernel: [    0.499843] TCP: Hash tables configured (established 16384 bind 16384)
May 15 20:02:39 client kernel: [    0.500356] MPTCP token hash table entries: 2048 (order: 3, 49152 bytes, linear)
May 15 20:02:39 client kernel: [    0.500934] UDP hash table entries: 1024 (order: 3, 32768 bytes, linear)
May 15 20:02:39 client kernel: [    0.501338] UDP-Lite hash table entries: 1024 (order: 3, 32768 bytes, linear)
May 15 20:02:39 client kernel: [    0.501814] NET: Registered PF_UNIX/PF_LOCAL protocol family
May 15 20:02:39 client kernel: [    0.502176] NET: Registered PF_XDP protocol family
May 15 20:02:39 client kernel: [    0.502512] pci_bus 0000:00: resource 4 [io  0x0000-0x0cf7 window]
May 15 20:02:39 client kernel: [    0.502886] pci_bus 0000:00: resource 5 [io  0x0d00-0xffff window]
May 15 20:02:39 client kernel: [    0.503280] pci_bus 0000:00: resource 6 [mem 0x000a0000-0x000bffff window]
May 15 20:02:39 client kernel: [    0.503678] pci_bus 0000:00: resource 7 [mem 0x80000000-0xfdffffff window]
May 15 20:02:39 client kernel: [    0.504152] pci 0000:00:00.0: Limiting direct PCI/PCI transfers
May 15 20:02:39 client kernel: [    0.504557] pci 0000:00:01.0: Activating ISA DMA hang workarounds
May 15 20:02:39 client kernel: [    0.508529] PCI: CLS 0 bytes, default 64
May 15 20:02:39 client kernel: [    0.508529] Trying to unpack rootfs image as initramfs...
May 15 20:02:39 client kernel: [    0.578847] clocksource: tsc: mask: 0xffffffffffffffff max_cycles: 0x398642b8c65, max_idle_ns: 881590773603 ns
May 15 20:02:39 client kernel: [    0.579809] clocksource: Switched to clocksource tsc
May 15 20:02:39 client kernel: [    0.580328] platform rtc_cmos: registered platform RTC device (no PNP device found)
May 15 20:02:39 client kernel: [    0.581719] Initialise system trusted keyrings
May 15 20:02:39 client kernel: [    0.582075] Key type blacklist registered
May 15 20:02:39 client kernel: [    0.582737] workingset: timestamp_bits=36 max_order=19 bucket_order=0
May 15 20:02:39 client kernel: [    0.585161] zbud: loaded
May 15 20:02:39 client kernel: [    0.585799] squashfs: version 4.0 (2009/01/31) Phillip Lougher
May 15 20:02:39 client kernel: [    0.586873] fuse: init (API version 7.34)
May 15 20:02:39 client kernel: [    0.587818] integrity: Platform Keyring initialized
May 15 20:02:39 client kernel: [    0.603899] Key type asymmetric registered
May 15 20:02:39 client kernel: [    0.604262] Asymmetric key parser 'x509' registered
May 15 20:02:39 client kernel: [    0.604848] Block layer SCSI generic (bsg) driver version 0.4 loaded (major 243)
May 15 20:02:39 client kernel: [    0.605612] io scheduler mq-deadline registered
May 15 20:02:39 client kernel: [    0.606508] shpchp: Standard Hot Plug PCI Controller Driver version: 0.4
May 15 20:02:39 client kernel: [    0.607283] ACPI: AC: AC Adapter [AC] (on-line)
May 15 20:02:39 client kernel: [    0.607695] input: Power Button as /devices/LNXSYSTM:00/LNXPWRBN:00/input/input0
May 15 20:02:39 client kernel: [    0.608256] ACPI: button: Power Button [PWRF]
May 15 20:02:39 client kernel: [    0.608690] input: Sleep Button as /devices/LNXSYSTM:00/LNXSLPBN:00/input/input1
May 15 20:02:39 client kernel: [    0.609287] ACPI: button: Sleep Button [SLPF]
May 15 20:02:39 client kernel: [    0.610410] Serial: 8250/16550 driver, 32 ports, IRQ sharing enabled
May 15 20:02:39 client kernel: [    0.617356] Linux agpgart interface v0.103
May 15 20:02:39 client kernel: [    0.619783] loop: module loaded
May 15 20:02:39 client kernel: [    0.620319] ata_piix 0000:00:01.1: version 2.13
May 15 20:02:39 client kernel: [    0.637342] scsi host0: ata_piix
May 15 20:02:39 client kernel: [    0.640391] scsi host1: ata_piix
May 15 20:02:39 client kernel: [    0.640754] ata1: PATA max UDMA/33 cmd 0x1f0 ctl 0x3f6 bmdma 0xd000 irq 14
May 15 20:02:39 client kernel: [    0.641169] ata2: PATA max UDMA/33 cmd 0x170 ctl 0x376 bmdma 0xd008 irq 15
May 15 20:02:39 client kernel: [    0.641787] tun: Universal TUN/TAP device driver, 1.6
May 15 20:02:39 client kernel: [    0.642476] PPP generic driver version 2.4.2
May 15 20:02:39 client kernel: [    0.642924] VFIO - User Level meta-driver version: 0.3
May 15 20:02:39 client kernel: [    0.656341] ehci_hcd: USB 2.0 'Enhanced' Host Controller (EHCI) Driver
May 15 20:02:39 client kernel: [    0.656779] ehci-pci: EHCI PCI platform driver
May 15 20:02:39 client kernel: [    0.658058] ehci-pci 0000:00:0b.0: EHCI Host Controller
May 15 20:02:39 client kernel: [    0.659502] ehci-pci 0000:00:0b.0: new USB bus registered, assigned bus number 1
May 15 20:02:39 client kernel: [    0.661868] ehci-pci 0000:00:0b.0: irq 19, io mem 0xf0860000
May 15 20:02:39 client kernel: [    0.680303] ehci-pci 0000:00:0b.0: USB 2.0 started, EHCI 1.00
May 15 20:02:39 client kernel: [    0.681224] usb usb1: New USB device found, idVendor=1d6b, idProduct=0002, bcdDevice= 5.15
May 15 20:02:39 client kernel: [    0.682161] usb usb1: New USB device strings: Mfr=3, Product=2, SerialNumber=1
May 15 20:02:39 client kernel: [    0.682841] usb usb1: Product: EHCI Host Controller
May 15 20:02:39 client kernel: [    0.683184] usb usb1: Manufacturer: Linux 5.15.0-72-generic ehci_hcd
May 15 20:02:39 client kernel: [    0.683582] usb usb1: SerialNumber: 0000:00:0b.0
May 15 20:02:39 client kernel: [    0.684069] hub 1-0:1.0: USB hub found
May 15 20:02:39 client kernel: [    0.684246] hub 1-0:1.0: 12 ports detected
May 15 20:02:39 client kernel: [    0.684246] ehci-platform: EHCI generic platform driver
May 15 20:02:39 client kernel: [    0.685429] ohci_hcd: USB 1.1 'Open' Host Controller (OHCI) Driver
May 15 20:02:39 client kernel: [    0.685807] ohci-pci: OHCI PCI platform driver
May 15 20:02:39 client kernel: [    0.687196] ohci-pci 0000:00:06.0: OHCI PCI host controller
May 15 20:02:39 client kernel: [    0.687589] ohci-pci 0000:00:06.0: new USB bus registered, assigned bus number 2
May 15 20:02:39 client kernel: [    0.688190] ohci-pci 0000:00:06.0: irq 22, io mem 0xf0804000
May 15 20:02:39 client kernel: [    0.757207] usb usb2: New USB device found, idVendor=1d6b, idProduct=0001, bcdDevice= 5.15
May 15 20:02:39 client kernel: [    0.757764] usb usb2: New USB device strings: Mfr=3, Product=2, SerialNumber=1
May 15 20:02:39 client kernel: [    0.758262] usb usb2: Product: OHCI PCI host controller
May 15 20:02:39 client kernel: [    0.758593] usb usb2: Manufacturer: Linux 5.15.0-72-generic ohci_hcd
May 15 20:02:39 client kernel: [    0.758975] usb usb2: SerialNumber: 0000:00:06.0
May 15 20:02:39 client kernel: [    0.759470] hub 2-0:1.0: USB hub found
May 15 20:02:39 client kernel: [    0.759770] hub 2-0:1.0: 12 ports detected
May 15 20:02:39 client kernel: [    0.760674] ohci-platform: OHCI generic platform driver
May 15 20:02:39 client kernel: [    0.761404] uhci_hcd: USB Universal Host Controller Interface driver
May 15 20:02:39 client kernel: [    0.761981] i8042: PNP: PS/2 Controller [PNP0303:PS2K,PNP0f03:PS2M] at 0x60,0x64 irq 1,12
May 15 20:02:39 client kernel: [    0.763374] serio: i8042 KBD port at 0x60,0x64 irq 1
May 15 20:02:39 client kernel: [    0.763730] serio: i8042 AUX port at 0x60,0x64 irq 12
May 15 20:02:39 client kernel: [    0.764280] mousedev: PS/2 mouse device common for all mice
May 15 20:02:39 client kernel: [    0.765189] input: AT Translated Set 2 keyboard as /devices/platform/i8042/serio0/input/input2
May 15 20:02:39 client kernel: [    0.766285] rtc_cmos rtc_cmos: registered as rtc0
May 15 20:02:39 client kernel: [    0.766693] rtc_cmos rtc_cmos: setting system clock to 2023-05-15T20:02:13 UTC (1684180933)
May 15 20:02:39 client kernel: [    0.767366] rtc_cmos rtc_cmos: alarms up to one day, 114 bytes nvram
May 15 20:02:39 client kernel: [    0.767770] i2c_dev: i2c /dev entries driver
May 15 20:02:39 client kernel: [    0.768122] device-mapper: core: CONFIG_IMA_DISABLE_HTABLE is disabled. Duplicate IMA measurements will not be recorded in the IMA log.
May 15 20:02:39 client kernel: [    0.768989] device-mapper: uevent: version 1.0.3
May 15 20:02:39 client kernel: [    0.769395] device-mapper: ioctl: 4.45.0-ioctl (2021-03-22) initialised: dm-devel@redhat.com
May 15 20:02:39 client kernel: [    0.769991] platform eisa.0: Probing EISA bus 0
May 15 20:02:39 client kernel: [    0.770299] platform eisa.0: EISA: Cannot allocate resource for mainboard
May 15 20:02:39 client kernel: [    0.770689] platform eisa.0: Cannot allocate resource for EISA slot 1
May 15 20:02:39 client kernel: [    0.771066] platform eisa.0: Cannot allocate resource for EISA slot 2
May 15 20:02:39 client kernel: [    0.771442] platform eisa.0: Cannot allocate resource for EISA slot 3
May 15 20:02:39 client kernel: [    0.771817] platform eisa.0: Cannot allocate resource for EISA slot 4
May 15 20:02:39 client kernel: [    0.772193] platform eisa.0: Cannot allocate resource for EISA slot 5
May 15 20:02:39 client kernel: [    0.772573] platform eisa.0: Cannot allocate resource for EISA slot 6
May 15 20:02:39 client kernel: [    0.772923] platform eisa.0: Cannot allocate resource for EISA slot 7
May 15 20:02:39 client kernel: [    0.772923] platform eisa.0: Cannot allocate resource for EISA slot 8
May 15 20:02:39 client kernel: [    0.772923] platform eisa.0: EISA: Detected 0 cards
May 15 20:02:39 client kernel: [    0.772923] intel_pstate: CPU model not supported
May 15 20:02:39 client kernel: [    0.774510] ledtrig-cpu: registered to indicate activity on CPUs
May 15 20:02:39 client kernel: [    0.775026] drop_monitor: Initializing network drop monitor service
May 15 20:02:39 client kernel: [    0.775643] NET: Registered PF_INET6 protocol family
May 15 20:02:39 client kernel: [    0.837696] ata2.00: ATAPI: VBOX CD-ROM, 1.0, max UDMA/133
May 15 20:02:39 client kernel: [    0.839171] scsi 1:0:0:0: CD-ROM            VBOX     CD-ROM           1.0  PQ: 0 ANSI: 5
May 15 20:02:39 client kernel: [    0.893109] sr 1:0:0:0: [sr0] scsi3-mmc drive: 32x/32x xa/form2 tray
May 15 20:02:39 client kernel: [    0.893519] cdrom: Uniform CD-ROM driver Revision: 3.20
May 15 20:02:39 client kernel: [    0.963249] sr 1:0:0:0: Attached scsi CD-ROM sr0
May 15 20:02:39 client kernel: [    0.963743] sr 1:0:0:0: Attached scsi generic sg0 type 5
May 15 20:02:39 client kernel: [    1.172348] usb 2-1: new full-speed USB device number 2 using ohci-pci
May 15 20:02:39 client kernel: [    1.503357] usb 2-1: New USB device found, idVendor=80ee, idProduct=0021, bcdDevice= 1.00
May 15 20:02:39 client kernel: [    1.503928] usb 2-1: New USB device strings: Mfr=1, Product=3, SerialNumber=0
May 15 20:02:39 client kernel: [    1.504373] usb 2-1: Product: USB Tablet
May 15 20:02:39 client kernel: [    1.504584] usb 2-1: Manufacturer: VirtualBox
May 15 20:02:39 client kernel: [    1.589318] Freeing initrd memory: 107788K
May 15 20:02:39 client kernel: [    1.599698] Segment Routing with IPv6
May 15 20:02:39 client kernel: [    1.600024] In-situ OAM (IOAM) with IPv6
May 15 20:02:39 client kernel: [    1.600364] NET: Registered PF_PACKET protocol family
May 15 20:02:39 client kernel: [    1.600883] Key type dns_resolver registered
May 15 20:02:39 client kernel: [    1.601535] IPI shorthand broadcast: enabled
May 15 20:02:39 client kernel: [    1.601861] sched_clock: Marking stable (1539128225, 62297498)->(1634119668, -32693945)
May 15 20:02:39 client kernel: [    1.602574] registered taskstats version 1
May 15 20:02:39 client kernel: [    1.602963] Loading compiled-in X.509 certificates
May 15 20:02:39 client kernel: [    1.604407] Loaded X.509 cert 'Build time autogenerated kernel key: b90c334466bcc11badc67eaa0268e83fd80ac687'
May 15 20:02:39 client kernel: [    1.605900] Loaded X.509 cert 'Canonical Ltd. Live Patch Signing: 14df34d1a87cf37625abec039ef2bf521249b969'
May 15 20:02:39 client kernel: [    1.607566] Loaded X.509 cert 'Canonical Ltd. Kernel Module Signing: 88f752e560a1e0737e31163a466ad7b70a850c19'
May 15 20:02:39 client kernel: [    1.608157] blacklist: Loading compiled-in revocation X.509 certificates
May 15 20:02:39 client kernel: [    1.608613] Loaded X.509 cert 'Canonical Ltd. Secure Boot Signing: 61482aa2830d0ab2ad5af10b7250da9033ddcef0'
May 15 20:02:39 client kernel: [    1.609231] Loaded X.509 cert 'Canonical Ltd. Secure Boot Signing (2017): 242ade75ac4a15e50d50c84b0d45ff3eae707a03'
May 15 20:02:39 client kernel: [    1.609869] Loaded X.509 cert 'Canonical Ltd. Secure Boot Signing (ESM 2018): 365188c1d374d6b07c3c8f240f8ef722433d6a8b'
May 15 20:02:39 client kernel: [    1.610516] Loaded X.509 cert 'Canonical Ltd. Secure Boot Signing (2019): c0746fd6c5da3ae827864651ad66ae47fe24b3e8'
May 15 20:02:39 client kernel: [    1.611142] Loaded X.509 cert 'Canonical Ltd. Secure Boot Signing (2021 v1): a8d54bbb3825cfb94fa13c9f8a594a195c107b8d'
May 15 20:02:39 client kernel: [    1.611777] Loaded X.509 cert 'Canonical Ltd. Secure Boot Signing (2021 v2): 4cf046892d6fd3c9a5b03f98d845f90851dc6a8c'
May 15 20:02:39 client kernel: [    1.612411] Loaded X.509 cert 'Canonical Ltd. Secure Boot Signing (2021 v3): 100437bb6de6e469b581e61cd66bce3ef4ed53af'
May 15 20:02:39 client kernel: [    1.613078] Loaded X.509 cert 'Canonical Ltd. Secure Boot Signing (Ubuntu Core 2019): c1d57b8f6b743f23ee41f4f7ee292f06eecadfb9'
May 15 20:02:39 client kernel: [    1.613845] zswap: loaded using pool lzo/zbud
May 15 20:02:39 client kernel: [    1.614622] Key type .fscrypt registered
May 15 20:02:39 client kernel: [    1.614912] Key type fscrypt-provisioning registered
May 15 20:02:39 client kernel: [    1.621316] Key type encrypted registered
May 15 20:02:39 client kernel: [    1.621633] AppArmor: AppArmor sha1 policy hashing enabled
May 15 20:02:39 client kernel: [    1.621991] ima: No TPM chip found, activating TPM-bypass!
May 15 20:02:39 client kernel: [    1.622345] Loading compiled-in module X.509 certificates
May 15 20:02:39 client kernel: [    1.623579] Loaded X.509 cert 'Build time autogenerated kernel key: b90c334466bcc11badc67eaa0268e83fd80ac687'
May 15 20:02:39 client kernel: [    1.624184] ima: Allocated hash algorithm: sha1
May 15 20:02:39 client kernel: [    1.624501] ima: No architecture policies found
May 15 20:02:39 client kernel: [    1.624898] evm: Initialising EVM extended attributes:
May 15 20:02:39 client kernel: [    1.625354] evm: security.selinux
May 15 20:02:39 client kernel: [    1.625614] evm: security.SMACK64
May 15 20:02:39 client kernel: [    1.625872] evm: security.SMACK64EXEC
May 15 20:02:39 client kernel: [    1.626144] evm: security.SMACK64TRANSMUTE
May 15 20:02:39 client kernel: [    1.626432] evm: security.SMACK64MMAP
May 15 20:02:39 client kernel: [    1.626714] evm: security.apparmor
May 15 20:02:39 client kernel: [    1.626976] evm: security.ima
May 15 20:02:39 client kernel: [    1.627221] evm: security.capability
May 15 20:02:39 client kernel: [    1.627488] evm: HMAC attrs: 0x1
May 15 20:02:39 client kernel: [    1.628133] PM:   Magic number: 7:205:43
May 15 20:02:39 client kernel: [    1.628802] RAS: Correctable Errors collector initialized.
May 15 20:02:39 client kernel: [    1.631492] Freeing unused decrypted memory: 2036K
May 15 20:02:39 client kernel: [    1.632729] Freeing unused kernel image (initmem) memory: 3244K
May 15 20:02:39 client kernel: [    1.648627] Write protecting the kernel read-only data: 30720k
May 15 20:02:39 client kernel: [    1.649779] Freeing unused kernel image (text/rodata gap) memory: 2036K
May 15 20:02:39 client kernel: [    1.650652] Freeing unused kernel image (rodata/data gap) memory: 1448K
May 15 20:02:39 client kernel: [    1.728486] x86/mm: Checked W+X mappings: passed, no W+X pages found.
May 15 20:02:39 client kernel: [    1.728887] x86/mm: Checking user space page tables
May 15 20:02:39 client kernel: [    1.801036] x86/mm: Checked W+X mappings: passed, no W+X pages found.
May 15 20:02:39 client kernel: [    1.801443] Run /init as init process
May 15 20:02:39 client kernel: [    1.801715]   with arguments:
May 15 20:02:39 client kernel: [    1.801717]     /init
May 15 20:02:39 client kernel: [    1.801718]   with environment:
May 15 20:02:39 client kernel: [    1.801719]     HOME=/
May 15 20:02:39 client kernel: [    1.801720]     TERM=linux
May 15 20:02:39 client kernel: [    1.801722]     BOOT_IMAGE=/vmlinuz-5.15.0-72-generic
May 15 20:02:39 client kernel: [    2.014914] hid: raw HID events driver (C) Jiri Kosina
May 15 20:02:39 client kernel: [    2.018615] piix4_smbus 0000:00:07.0: SMBus Host Controller at 0x4100, revision 0
May 15 20:02:39 client kernel: [    2.020149] e1000: Intel(R) PRO/1000 Network Driver
May 15 20:02:39 client kernel: [    2.020483] e1000: Copyright (c) 1999-2006 Intel Corporation.
May 15 20:02:39 client kernel: [    2.022392] ahci 0000:00:0d.0: version 3.0
May 15 20:02:39 client kernel: [    2.023438] ahci 0000:00:0d.0: SSS flag set, parallel bus scan disabled
May 15 20:02:39 client kernel: [    2.024310] cryptd: max_cpu_qlen set to 1000
May 15 20:02:39 client kernel: [    2.024573] ahci 0000:00:0d.0: AHCI 0001.0100 32 slots 1 ports 3 Gbps 0x1 impl SATA mode
May 15 20:02:39 client kernel: [    2.025286] ahci 0000:00:0d.0: flags: 64bit ncq stag only ccc 
May 15 20:02:39 client kernel: [    2.028311] ACPI: video: Video Device [GFX0] (multi-head: yes  rom: no  post: no)
May 15 20:02:39 client kernel: [    2.029344] input: Video Bus as /devices/LNXSYSTM:00/LNXSYBUS:00/PNP0A03:00/LNXVIDEO:00/input/input5
May 15 20:02:39 client kernel: [    2.032050] usbcore: registered new interface driver usbhid
May 15 20:02:39 client kernel: [    2.032418] usbhid: USB HID core driver
May 15 20:02:39 client kernel: [    2.036324] scsi host2: ahci
May 15 20:02:39 client kernel: [    2.036693] ata3: SATA max UDMA/133 abar m8192@0xf0862000 port 0xf0862100 irq 21
May 15 20:02:39 client kernel: [    2.048744] AVX2 version of gcm_enc/dec engaged.
May 15 20:02:39 client kernel: [    2.049230] AES CTR mode by8 optimization enabled
May 15 20:02:39 client kernel: [    2.129034] input: VirtualBox USB Tablet as /devices/pci0000:00/0000:00:06.0/usb2/2-1/2-1:1.0/0003:80EE:0021.0001/input/input6
May 15 20:02:39 client kernel: [    2.129896] hid-generic 0003:80EE:0021.0001: input,hidraw0: USB HID v1.10 Mouse [VirtualBox USB Tablet] on usb-0000:00:06.0-1/input0
May 15 20:02:39 client kernel: [    2.230403] input: ImExPS/2 Generic Explorer Mouse as /devices/platform/i8042/serio1/input/input4
May 15 20:02:39 client kernel: [    2.353983] ata3: SATA link up 3.0 Gbps (SStatus 123 SControl 300)
May 15 20:02:39 client kernel: [    2.354581] ata3.00: ATA-6: VBOX HARDDISK, 1.0, max UDMA/133
May 15 20:02:39 client kernel: [    2.355038] ata3.00: 83886080 sectors, multi 128: LBA48 NCQ (depth 32)
May 15 20:02:39 client kernel: [    2.355678] ata3.00: configured for UDMA/133
May 15 20:02:39 client kernel: [    2.356807] scsi 2:0:0:0: Direct-Access     ATA      VBOX HARDDISK    1.0  PQ: 0 ANSI: 5
May 15 20:02:39 client kernel: [    2.357565] sd 2:0:0:0: Attached scsi generic sg1 type 0
May 15 20:02:39 client kernel: [    2.357637] sd 2:0:0:0: [sda] 83886080 512-byte logical blocks: (42.9 GB/40.0 GiB)
May 15 20:02:39 client kernel: [    2.358597] sd 2:0:0:0: [sda] Write Protect is off
May 15 20:02:39 client kernel: [    2.358965] sd 2:0:0:0: [sda] Mode Sense: 00 3a 00 00
May 15 20:02:39 client kernel: [    2.358984] sd 2:0:0:0: [sda] Write cache: enabled, read cache: enabled, doesn't support DPO or FUA
May 15 20:02:39 client kernel: [    2.461130]  sda: sda1 sda2 sda3
May 15 20:02:39 client kernel: [    2.472409] sd 2:0:0:0: [sda] Attached SCSI disk
May 15 20:02:39 client kernel: [    2.488636] e1000 0000:00:03.0 eth0: (PCI:33MHz:32-bit) 08:00:27:00:ad:46
May 15 20:02:39 client kernel: [    2.489097] e1000 0000:00:03.0 eth0: Intel(R) PRO/1000 Network Connection
May 15 20:02:39 client kernel: [    2.521332] vmwgfx 0000:00:02.0: vgaarb: deactivate vga console
May 15 20:02:39 client kernel: [    2.522784] Console: switching to colour dummy device 80x25
May 15 20:02:39 client kernel: [    2.523957] [TTM] Zone  kernel: Available graphics memory: 1011602 KiB
May 15 20:02:39 client kernel: [    2.524017] vmwgfx 0000:00:02.0: [drm] FIFO at 0x00000000f0000000 size is 2048 kiB
May 15 20:02:39 client kernel: [    2.524042] vmwgfx 0000:00:02.0: [drm] VRAM at 0x00000000e0000000 size is 16384 kiB
May 15 20:02:39 client kernel: [    2.524056] vmwgfx 0000:00:02.0: [drm] Running on SVGA version 2.
May 15 20:02:39 client kernel: [    2.524064] vmwgfx 0000:00:02.0: [drm] DMA map mode: Caching DMA mappings.
May 15 20:02:39 client kernel: [    2.524112] vmwgfx 0000:00:02.0: [drm] Legacy memory limits: VRAM = 16384 kB, FIFO = 2048 kB, surface = 507904 kB
May 15 20:02:39 client kernel: [    2.524118] vmwgfx 0000:00:02.0: [drm] MOB limits: max mob size = 0 kB, max mob pages = 0
May 15 20:02:39 client kernel: [    2.524125] vmwgfx 0000:00:02.0: [drm] Capabilities: rect copy, cursor, cursor bypass, cursor bypass 2, alpha cursor, extended fifo, pitchlock, irq mask, gmr, traces, gmr2, screen object 2, command buffers, 
May 15 20:02:39 client kernel: [    2.524132] vmwgfx 0000:00:02.0: [drm] Max GMR ids is 8192
May 15 20:02:39 client kernel: [    2.524135] vmwgfx 0000:00:02.0: [drm] Max number of GMR pages is 1048576
May 15 20:02:39 client kernel: [    2.524139] vmwgfx 0000:00:02.0: [drm] Maximum display memory size is 16384 kiB
May 15 20:02:39 client kernel: [    2.526025] vmwgfx 0000:00:02.0: [drm] Screen Object display unit initialized
May 15 20:02:39 client kernel: [    2.526435] vmwgfx 0000:00:02.0: [drm] Fifo max 0x00200000 min 0x00001000 cap 0x00000355
May 15 20:02:39 client kernel: [    2.526725] vmwgfx 0000:00:02.0: [drm] Using command buffers with DMA pool.
May 15 20:02:39 client kernel: [    2.526742] vmwgfx 0000:00:02.0: [drm] Available shader model: Legacy.
May 15 20:02:39 client kernel: [    2.526753] [drm:vmw_host_printf [vmwgfx]] *ERROR* Failed to send host log message.
May 15 20:02:39 client kernel: [    2.535412] fbcon: svgadrmfb (fb0) is primary device
May 15 20:02:39 client kernel: [    2.536217] Console: switching to colour frame buffer device 100x37
May 15 20:02:39 client kernel: [    2.541259] [drm] Initialized vmwgfx 2.19.0 20210722 for 0000:00:02.0 on minor 0
May 15 20:02:39 client kernel: [    2.924635] e1000 0000:00:08.0 eth1: (PCI:33MHz:32-bit) 08:00:27:f9:d9:f3
May 15 20:02:39 client kernel: [    2.924687] e1000 0000:00:08.0 eth1: Intel(R) PRO/1000 Network Connection
May 15 20:02:39 client kernel: [    3.361234] e1000 0000:00:09.0 eth2: (PCI:33MHz:32-bit) 08:00:27:b0:58:33
May 15 20:02:39 client kernel: [    3.361309] e1000 0000:00:09.0 eth2: Intel(R) PRO/1000 Network Connection
May 15 20:02:39 client kernel: [    3.365272] e1000 0000:00:08.0 enp0s8: renamed from eth1
May 15 20:02:39 client kernel: [    3.380734] e1000 0000:00:09.0 enp0s9: renamed from eth2
May 15 20:02:39 client kernel: [    3.401314] e1000 0000:00:03.0 enp0s3: renamed from eth0
May 15 20:02:39 client kernel: [    3.612539] raid6: avx2x4   gen() 18246 MB/s
May 15 20:02:39 client kernel: [    3.680530] raid6: avx2x4   xor()  9299 MB/s
May 15 20:02:39 client kernel: [    3.748536] raid6: avx2x2   gen() 17404 MB/s
May 15 20:02:39 client kernel: [    3.816544] raid6: avx2x2   xor() 10855 MB/s
May 15 20:02:39 client kernel: [    3.884537] raid6: avx2x1   gen() 16077 MB/s
May 15 20:02:39 client kernel: [    3.952536] raid6: avx2x1   xor()  9553 MB/s
May 15 20:02:39 client kernel: [    4.020536] raid6: sse2x4   gen() 10074 MB/s
May 15 20:02:39 client kernel: [    4.088532] raid6: sse2x4   xor()  5725 MB/s
May 15 20:02:39 client kernel: [    4.156545] raid6: sse2x2   gen()  9588 MB/s
May 15 20:02:39 client kernel: [    4.224535] raid6: sse2x2   xor()  5933 MB/s
May 15 20:02:39 client kernel: [    4.292535] raid6: sse2x1   gen()  8311 MB/s
May 15 20:02:39 client kernel: [    4.360537] raid6: sse2x1   xor()  5462 MB/s
May 15 20:02:39 client kernel: [    4.361215] raid6: using algorithm avx2x4 gen() 18246 MB/s
May 15 20:02:39 client kernel: [    4.361857] raid6: .... xor() 9299 MB/s, rmw enabled
May 15 20:02:39 client kernel: [    4.362487] raid6: using avx2x2 recovery algorithm
May 15 20:02:39 client kernel: [    4.365875] xor: automatically using best checksumming function   avx       
May 15 20:02:39 client kernel: [    4.368132] async_tx: api initialized (async)
May 15 20:02:39 client kernel: [    4.554453] Btrfs loaded, crc32c=crc32c-intel, zoned=yes, fsverity=yes
May 15 20:02:39 client kernel: [    4.931624] EXT4-fs (dm-0): mounted filesystem with ordered data mode. Opts: (null). Quota mode: none.
May 15 20:02:39 client kernel: [    6.361687] systemd[1]: Inserted module 'autofs4'
May 15 20:02:39 client kernel: [    6.583026] systemd[1]: systemd 249.11-0ubuntu3.7 running in system mode (+PAM +AUDIT +SELINUX +APPARMOR +IMA +SMACK +SECCOMP +GCRYPT +GNUTLS +OPENSSL +ACL +BLKID +CURL +ELFUTILS +FIDO2 +IDN2 -IDN +IPTC +KMOD +LIBCRYPTSETUP +LIBFDISK +PCRE2 -PWQUALITY -P11KIT -QRENCODE +BZIP2 +LZ4 +XZ +ZLIB +ZSTD -XKBCOMMON +UTMP +SYSVINIT default-hierarchy=unified)
May 15 20:02:39 client kernel: [    6.587563] systemd[1]: Detected virtualization oracle.
May 15 20:02:39 client kernel: [    6.588792] systemd[1]: Detected architecture x86-64.
May 15 20:02:39 client kernel: [    6.651542] systemd[1]: Hostname set to <client>.
May 15 20:02:39 client kernel: [    9.644436] systemd[1]: Queued start job for default target Graphical Interface.
May 15 20:02:39 client kernel: [    9.650987] systemd[1]: Created slice Slice /system/modprobe.
May 15 20:02:39 client kernel: [    9.656979] systemd[1]: Created slice Slice /system/systemd-fsck.
May 15 20:02:39 client kernel: [    9.662518] systemd[1]: Created slice User and Session Slice.
May 15 20:02:39 client kernel: [    9.667472] systemd[1]: Started Forward Password Requests to Wall Directory Watch.
May 15 20:02:39 client kernel: [    9.673065] systemd[1]: Set up automount Arbitrary Executable File Formats File System Automount Point.
May 15 20:02:39 client kernel: [    9.681304] systemd[1]: Reached target Slice Units.
May 15 20:02:39 client kernel: [    9.685759] systemd[1]: Reached target Local Verity Protected Volumes.
May 15 20:02:39 client kernel: [    9.690428] systemd[1]: Listening on Device-mapper event daemon FIFOs.
May 15 20:02:39 client kernel: [    9.694411] systemd[1]: Listening on LVM2 poll daemon socket.
May 15 20:02:39 client kernel: [    9.698110] systemd[1]: Listening on multipathd control socket.
May 15 20:02:39 client kernel: [    9.701666] systemd[1]: Listening on Syslog Socket.
May 15 20:02:39 client kernel: [    9.705348] systemd[1]: Listening on fsck to fsckd communication Socket.
May 15 20:02:39 client kernel: [    9.708487] systemd[1]: Listening on initctl Compatibility Named Pipe.
May 15 20:02:39 client kernel: [    9.712145] systemd[1]: Listening on Journal Audit Socket.
May 15 20:02:39 client kernel: [    9.715066] systemd[1]: Listening on Journal Socket (/dev/log).
May 15 20:02:39 client kernel: [    9.719078] systemd[1]: Listening on Journal Socket.
May 15 20:02:39 client kernel: [    9.722334] systemd[1]: Listening on Network Service Netlink Socket.
May 15 20:02:39 client kernel: [    9.725383] systemd[1]: Listening on udev Control Socket.
May 15 20:02:39 client kernel: [    9.728499] systemd[1]: Listening on udev Kernel Socket.
May 15 20:02:39 client kernel: [    9.732744] systemd[1]: Mounting Huge Pages File System...
May 15 20:02:39 client kernel: [    9.737267] systemd[1]: Mounting POSIX Message Queue File System...
May 15 20:02:39 client kernel: [    9.740762] systemd[1]: Mounting Kernel Debug File System...
May 15 20:02:39 client kernel: [    9.744142] systemd[1]: Mounting Kernel Trace File System...
May 15 20:02:39 client kernel: [    9.748924] systemd[1]: Starting Journal Service...
May 15 20:02:39 client kernel: [    9.761876] systemd[1]: Starting Set the console keyboard layout...
May 15 20:02:39 client kernel: [    9.765769] systemd[1]: Starting Create List of Static Device Nodes...
May 15 20:02:39 client kernel: [    9.769356] systemd[1]: Starting Monitoring of LVM2 mirrors, snapshots etc. using dmeventd or progress polling...
May 15 20:02:39 client kernel: [    9.772498] systemd[1]: Condition check resulted in LXD - agent being skipped.
May 15 20:02:39 client kernel: [    9.775136] systemd[1]: Starting Load Kernel Module chromeos_pstore...
May 15 20:02:39 client kernel: [    9.778800] systemd[1]: Starting Load Kernel Module configfs...
May 15 20:02:39 client kernel: [    9.785641] systemd[1]: Starting Load Kernel Module drm...
May 15 20:02:39 client kernel: [    9.791507] systemd[1]: Starting Load Kernel Module efi_pstore...
May 15 20:02:39 client kernel: [    9.794997] systemd[1]: Starting Load Kernel Module fuse...
May 15 20:02:39 client kernel: [    9.798420] systemd[1]: Starting Load Kernel Module pstore_blk...
May 15 20:02:39 client kernel: [    9.802105] systemd[1]: Starting Load Kernel Module pstore_zone...
May 15 20:02:39 client kernel: [    9.806555] systemd[1]: Starting Load Kernel Module ramoops...
May 15 20:02:39 client kernel: [    9.808743] systemd[1]: Condition check resulted in OpenVSwitch configuration for cleanup being skipped.
May 15 20:02:39 client kernel: [    9.810996] systemd[1]: Condition check resulted in File System Check on Root Device being skipped.
May 15 20:02:39 client kernel: [    9.992862] systemd[1]: Starting Load Kernel Modules...
May 15 20:02:39 client kernel: [    9.996548] systemd[1]: Starting Remount Root and Kernel File Systems...
May 15 20:02:39 client kernel: [   10.000278] systemd[1]: Starting Coldplug All udev Devices...
May 15 20:02:39 client kernel: [   10.005251] systemd[1]: Mounted Huge Pages File System.
May 15 20:02:39 client kernel: [   10.007618] systemd[1]: Mounted POSIX Message Queue File System.
May 15 20:02:39 client kernel: [   10.009884] systemd[1]: Mounted Kernel Debug File System.
May 15 20:02:39 client kernel: [   10.012088] systemd[1]: Mounted Kernel Trace File System.
May 15 20:02:39 client kernel: [   10.014596] systemd[1]: Finished Create List of Static Device Nodes.
May 15 20:02:39 client kernel: [   10.017276] systemd[1]: modprobe@configfs.service: Deactivated successfully.
May 15 20:02:39 client kernel: [   10.018580] systemd[1]: Finished Load Kernel Module configfs.
May 15 20:02:39 client kernel: [   10.021001] systemd[1]: modprobe@drm.service: Deactivated successfully.
May 15 20:02:39 client kernel: [   10.022281] systemd[1]: Finished Load Kernel Module drm.
May 15 20:02:39 client kernel: [   10.024762] systemd[1]: modprobe@fuse.service: Deactivated successfully.
May 15 20:02:39 client kernel: [   10.026043] systemd[1]: Finished Load Kernel Module fuse.
May 15 20:02:39 client kernel: [   10.030047] systemd[1]: Mounting FUSE Control File System...
May 15 20:02:39 client kernel: [   10.035763] systemd[1]: Mounting Kernel Configuration File System...
May 15 20:02:39 client kernel: [   10.039286] systemd[1]: Mounted FUSE Control File System.
May 15 20:02:39 client kernel: [   10.042017] systemd[1]: Mounted Kernel Configuration File System.
May 15 20:02:39 client kernel: [   10.190599] systemd[1]: Finished Coldplug All udev Devices.
May 15 20:02:39 client kernel: [   10.270478] EXT4-fs (dm-0): re-mounted. Opts: (null). Quota mode: none.
May 15 20:02:39 client kernel: [   10.277006] systemd[1]: Finished Remount Root and Kernel File Systems.
May 15 20:02:39 client kernel: [   10.282196] systemd[1]: Activating swap /swap.img...
May 15 20:02:39 client kernel: [   10.290077] systemd[1]: Starting Device-Mapper Multipath Device Controller...
May 15 20:02:39 client kernel: [   10.307786] systemd[1]: Starting Load/Save Random Seed...
May 15 20:02:39 client kernel: [   10.317050] systemd[1]: Starting Create System Users...
May 15 20:02:39 client kernel: [   10.327108] systemd[1]: modprobe@pstore_zone.service: Deactivated successfully.
May 15 20:02:39 client kernel: [   10.330442] systemd[1]: Finished Load Kernel Module pstore_zone.
May 15 20:02:39 client kernel: [   10.398634] systemd[1]: Finished Monitoring of LVM2 mirrors, snapshots etc. using dmeventd or progress polling.
May 15 20:02:39 client kernel: [   10.412141] systemd[1]: Started Journal Service.
May 15 20:02:39 client kernel: [   10.620557] alua: device handler registered
May 15 20:02:39 client kernel: [   10.622125] systemd-journald[378]: Received client request to flush runtime journal.
May 15 20:02:39 client kernel: [   10.661226] emc: device handler registered
May 15 20:02:39 client kernel: [   10.747535] Adding 2097148k swap on /swap.img.  Priority:-2 extents:3 across:14688252k FS
May 15 20:02:39 client kernel: [   10.760508] rdac: device handler registered
May 15 20:02:39 client kernel: [   11.202451] IPMI message handler: version 39.2
May 15 20:02:39 client kernel: [   11.357492] ipmi device interface
May 15 20:02:39 client kernel: [   12.347989] loop0: detected capacity change from 0 to 126896
May 15 20:02:39 client kernel: [   12.349361] loop1: detected capacity change from 0 to 163736
May 15 20:02:39 client kernel: [   12.353519] loop2: detected capacity change from 0 to 96176
May 15 20:02:39 client kernel: [   13.316856] vboxguest: host-version: 7.0.8r156879 0x8000000f
May 15 20:02:39 client kernel: [   13.519554] vbg_heartbeat_init: Setting up heartbeat to trigger every 2000 milliseconds
May 15 20:02:39 client kernel: [   13.528828] input: VirtualBox mouse integration as /devices/pci0000:00/0000:00:04.0/input/input7
May 15 20:02:39 client kernel: [   13.549565] vboxguest: misc device minor 123, IRQ 20, I/O port d040, MMIO at 0x00000000f0400000 (size 0x0000000000400000)
May 15 20:02:39 client kernel: [   13.808156] RAPL PMU: API unit is 2^-32 Joules, 0 fixed counters, 10737418240 ms ovfl timer
May 15 20:02:39 client kernel: [   14.526108] snd_intel8x0 0000:00:05.0: allow list rate for 1028:0177 is 48000
May 15 20:02:39 client kernel: [   14.870532] EXT4-fs (sda2): mounted filesystem with ordered data mode. Opts: (null). Quota mode: none.
May 15 20:02:39 client kernel: [   15.637771] audit: type=1400 audit(1684180948.368:2): apparmor="STATUS" operation="profile_load" profile="unconfined" name="lsb_release" pid=598 comm="apparmor_parser"
May 15 20:02:39 client kernel: [   15.642485] audit: type=1400 audit(1684180948.372:3): apparmor="STATUS" operation="profile_load" profile="unconfined" name="nvidia_modprobe" pid=599 comm="apparmor_parser"
May 15 20:02:39 client kernel: [   15.644291] audit: type=1400 audit(1684180948.372:4): apparmor="STATUS" operation="profile_load" profile="unconfined" name="nvidia_modprobe//kmod" pid=599 comm="apparmor_parser"
May 15 20:02:39 client kernel: [   15.818244] audit: type=1400 audit(1684180948.548:5): apparmor="STATUS" operation="profile_load" profile="unconfined" name="/usr/bin/man" pid=602 comm="apparmor_parser"
May 15 20:02:39 client kernel: [   15.819607] audit: type=1400 audit(1684180948.548:6): apparmor="STATUS" operation="profile_load" profile="unconfined" name="man_filter" pid=602 comm="apparmor_parser"
May 15 20:02:39 client kernel: [   15.821797] audit: type=1400 audit(1684180948.552:7): apparmor="STATUS" operation="profile_load" profile="unconfined" name="man_groff" pid=602 comm="apparmor_parser"
May 15 20:02:39 client kernel: [   15.982883] audit: type=1400 audit(1684180948.712:8): apparmor="STATUS" operation="profile_load" profile="unconfined" name="/usr/lib/NetworkManager/nm-dhcp-client.action" pid=601 comm="apparmor_parser"
May 15 20:02:39 client kernel: [   15.985346] audit: type=1400 audit(1684180948.716:9): apparmor="STATUS" operation="profile_load" profile="unconfined" name="/usr/lib/NetworkManager/nm-dhcp-helper" pid=601 comm="apparmor_parser"
May 15 20:02:39 client kernel: [   15.987538] audit: type=1400 audit(1684180948.716:10): apparmor="STATUS" operation="profile_load" profile="unconfined" name="/usr/lib/connman/scripts/dhclient-script" pid=601 comm="apparmor_parser"
May 15 20:02:39 client kernel: [   15.992193] audit: type=1400 audit(1684180948.720:11): apparmor="STATUS" operation="profile_load" profile="unconfined" name="/{,usr/}sbin/dhclient" pid=601 comm="apparmor_parser"
May 15 20:02:39 client kernel: [   18.445526] e1000: enp0s9 NIC Link is Up 1000 Mbps Full Duplex, Flow Control: RX
May 15 20:02:39 client kernel: [   18.445633] e1000: enp0s8 NIC Link is Up 1000 Mbps Full Duplex, Flow Control: RX
May 15 20:02:39 client kernel: [   18.446732] e1000: enp0s3 NIC Link is Up 1000 Mbps Full Duplex, Flow Control: RX
May 15 20:02:39 client kernel: [   18.447103] IPv6: ADDRCONF(NETDEV_CHANGE): enp0s9: link becomes ready
May 15 20:02:39 client kernel: [   18.447479] IPv6: ADDRCONF(NETDEV_CHANGE): enp0s8: link becomes ready
May 15 20:02:39 client kernel: [   18.447786] IPv6: ADDRCONF(NETDEV_CHANGE): enp0s3: link becomes ready
May 15 20:02:39 client apport[661]:    ...done.
May 15 20:02:39 client dbus-daemon[663]: dbus[663]: Unknown group "power" in message bus configuration file
May 15 20:02:39 client systemd[1]: Started LSB: automatic crash report generation.
May 15 20:02:40 client dbus-daemon[663]: [system] AppArmor D-Bus mediation is enabled
May 15 20:02:40 client systemd[1]: Started User Login Management.
May 15 20:02:40 client dbus-daemon[663]: [system] Successfully activated service 'org.freedesktop.systemd1'
May 15 20:02:40 client systemd[1]: Started Unattended Upgrades Shutdown.
May 15 20:02:40 client polkitd[671]: started daemon version 0.105 using authority implementation `local' version `0.105'
May 15 20:02:40 client systemd[1]: Started Authorization Manager.
May 15 20:02:40 client systemd[1]: Starting Modem Manager...
May 15 20:02:41 client networkd-dispatcher[670]: No valid path found for iwconfig
May 15 20:02:41 client networkd-dispatcher[670]: No valid path found for iw
May 15 20:02:41 client ModemManager[741]: <info>  ModemManager (version 1.18.6) starting in system bus...
May 15 20:02:41 client udisksd[678]: failed to load module mdraid: libbd_mdraid.so.2: cannot open shared object file: No such file or directory
May 15 20:02:41 client systemd[1]: Started Dispatcher daemon for systemd-networkd.
May 15 20:02:42 client udisksd[678]: Failed to load the 'mdraid' libblockdev plugin
May 15 20:02:43 client systemd[1]: Started Disk Manager.
May 15 20:02:43 client snapd[674]: AppArmor status: apparmor is enabled and all features are available
May 15 20:02:43 client udisksd[678]: Acquired the name org.freedesktop.UDisks2 on the system message bus
May 15 20:02:43 client systemd[1]: dmesg.service: Deactivated successfully.
May 15 20:02:43 client systemd[1]: Started Modem Manager.
May 15 20:02:43 client snapd[674]: overlord.go:263: Acquiring state lock file
May 15 20:02:43 client snapd[674]: overlord.go:268: Acquired state lock file
May 15 20:02:43 client pollinate[672]: client verified challenge/response with [https://entropy.ubuntu.com/]
May 15 20:02:43 client pollinate[672]: client hashed response from [https://entropy.ubuntu.com/]
May 15 20:02:43 client pollinate[672]: client successfully seeded [/dev/urandom]
May 15 20:02:44 client systemd[1]: pollinate.service: Deactivated successfully.
May 15 20:02:44 client systemd[1]: Finished Pollinate to seed the pseudo random number generator.
May 15 20:02:44 client snapd[674]: patch.go:64: Patching system state level 6 to sublevel 1...
May 15 20:02:44 client systemd[1]: Starting OpenBSD Secure Shell server...
May 15 20:02:44 client snapd[674]: patch.go:64: Patching system state level 6 to sublevel 2...
May 15 20:02:44 client snapd[674]: patch.go:64: Patching system state level 6 to sublevel 3...
May 15 20:02:45 client systemd[1]: Started OpenBSD Secure Shell server.
May 15 20:02:45 client snapd[674]: daemon.go:247: started snapd/2.57.5+22.04ubuntu0.1 (series 16; classic) ubuntu/22.04 (amd64) linux/5.15.0-72-generic.
May 15 20:02:45 client kernel: [   32.584917] loop3: detected capacity change from 0 to 8
May 15 20:02:45 client systemd[1]: tmp-syscheck\x2dmountpoint\x2d675631542.mount: Deactivated successfully.
May 15 20:02:45 client snapd[674]: daemon.go:340: adjusting startup timeout by 45s (pessimistic estimate of 30s plus 5s per snap)
May 15 20:02:45 client ModemManager[741]: <info>  [base-manager] couldn't check support for device '/sys/devices/pci0000:00/0000:00:03.0': not supported by any plugin
May 15 20:02:45 client ModemManager[741]: <info>  [base-manager] couldn't check support for device '/sys/devices/pci0000:00/0000:00:08.0': not supported by any plugin
May 15 20:02:45 client ModemManager[741]: <info>  [base-manager] couldn't check support for device '/sys/devices/pci0000:00/0000:00:09.0': not supported by any plugin
May 15 20:02:57 client kernel: [   44.288887] kauditd_printk_skb: 19 callbacks suppressed
May 15 20:02:57 client kernel: [   44.288895] audit: type=1400 audit(1684180977.020:31): apparmor="STATUS" operation="profile_replace" profile="unconfined" name="/snap/snapd/16292/usr/lib/snapd/snap-confine" pid=906 comm="apparmor_parser"
May 15 20:02:57 client kernel: [   44.312859] audit: type=1400 audit(1684180977.044:32): apparmor="STATUS" operation="profile_replace" profile="unconfined" name="/snap/snapd/16292/usr/lib/snapd/snap-confine//mount-namespace-capture-helper" pid=906 comm="apparmor_parser"
May 15 20:02:57 client kernel: [   44.355322] audit: type=1400 audit(1684180977.084:33): apparmor="STATUS" operation="profile_replace" profile="unconfined" name="snap-update-ns.lxd" pid=908 comm="apparmor_parser"
May 15 20:02:57 client kernel: [   44.687735] audit: type=1400 audit(1684180977.416:34): apparmor="STATUS" operation="profile_replace" profile="unconfined" name="snap.lxd.activate" pid=909 comm="apparmor_parser"
May 15 20:02:57 client systemd[1]: systemd-fsckd.service: Deactivated successfully.
May 15 20:02:57 client kernel: [   44.967910] audit: type=1400 audit(1684180977.696:35): apparmor="STATUS" operation="profile_replace" profile="unconfined" name="snap.lxd.benchmark" pid=910 comm="apparmor_parser"
May 15 20:02:57 client kernel: [   45.214049] audit: type=1400 audit(1684180977.944:36): apparmor="STATUS" operation="profile_replace" profile="unconfined" name="snap.lxd.buginfo" pid=911 comm="apparmor_parser"
